Component: ARM Compiler 5.06 update 4 (build 422) Tool: armlink [4d35d2]

==============================================================================

Section Cross References

    startup_msp432p401r_uvision.o(STACK) refers (Special) to heapauxi.o(.text) for __use_two_region_memory
    startup_msp432p401r_uvision.o(HEAP) refers (Special) to heapauxi.o(.text) for __use_two_region_memory
    startup_msp432p401r_uvision.o(RESET) refers (Special) to heapauxi.o(.text) for __use_two_region_memory
    startup_msp432p401r_uvision.o(RESET) refers to startup_msp432p401r_uvision.o(STACK) for __initial_sp
    startup_msp432p401r_uvision.o(RESET) refers to startup_msp432p401r_uvision.o(.text) for Reset_Handler
    startup_msp432p401r_uvision.o(RESET) refers to tima.o(i.TA0_0_IRQHandler) for TA0_0_IRQHandler
    startup_msp432p401r_uvision.o(RESET) refers to tima.o(i.TA2_N_IRQHandler) for TA2_N_IRQHandler
    startup_msp432p401r_uvision.o(RESET) refers to tim32.o(i.T32_INT1_IRQHandler) for T32_INT1_IRQHandler
    startup_msp432p401r_uvision.o(RESET) refers to tim32.o(i.T32_INT2_IRQHandler) for T32_INT2_IRQHandler
    startup_msp432p401r_uvision.o(RESET) refers to key.o(i.PORT1_IRQHandler) for PORT1_IRQHandler
    startup_msp432p401r_uvision.o(.text) refers (Special) to heapauxi.o(.text) for __use_two_region_memory
    startup_msp432p401r_uvision.o(.text) refers to system_msp432p401r.o(i.SystemInit) for SystemInit
    startup_msp432p401r_uvision.o(.text) refers to __main.o(!!!main) for __main
    startup_msp432p401r_uvision.o(.text) refers to startup_msp432p401r_uvision.o(HEAP) for Heap_Mem
    startup_msp432p401r_uvision.o(.text) refers to startup_msp432p401r_uvision.o(STACK) for Stack_Mem
    main.o(i.main) refers to sysinit.o(i.SysInit) for SysInit
    main.o(i.main) refers to delay.o(i.delay_init) for delay_init
    main.o(i.main) refers to tima.o(i.TimA1_PWM_Init) for TimA1_PWM_Init
    main.o(i.main) refers to delay.o(i.delay_ms) for delay_ms
    main.o(i.main) refers to timer_a.o(i.Timer_A_setCompareValue) for Timer_A_setCompareValue
    main.o(i.main) refers to delay.o(i.delay_us) for delay_us
    system_msp432p401r.o(i.SystemCoreClockUpdate) refers to system_msp432p401r.o(.data) for .data
    led.o(i.LED_Init) refers to gpio.o(i.GPIO_setAsOutputPin) for GPIO_setAsOutputPin
    led.o(i.LED_W_Tog) refers to led.o(i.LED_R_Tog) for LED_R_Tog
    led.o(i.LED_W_Tog) refers to led.o(i.LED_G_Tog) for LED_G_Tog
    led.o(i.LED_W_Tog) refers to led.o(i.LED_B_Tog) for LED_B_Tog
    key.o(i.KEY_Init) refers to gpio.o(i.GPIO_setAsInputPinWithPullUpResistor) for GPIO_setAsInputPinWithPullUpResistor
    key.o(i.KEY_Init) refers to gpio.o(i.GPIO_clearInterruptFlag) for GPIO_clearInterruptFlag
    key.o(i.KEY_Init) refers to gpio.o(i.GPIO_interruptEdgeSelect) for GPIO_interruptEdgeSelect
    key.o(i.KEY_Init) refers to gpio.o(i.GPIO_enableInterrupt) for GPIO_enableInterrupt
    key.o(i.KEY_Init) refers to interrupt.o(i.Interrupt_enableInterrupt) for Interrupt_enableInterrupt
    key.o(i.KEY_Scan) refers to key.o(.data) for .data
    key.o(i.PORT1_IRQHandler) refers to gpio.o(i.GPIO_getEnabledInterruptStatus) for GPIO_getEnabledInterruptStatus
    key.o(i.PORT1_IRQHandler) refers to gpio.o(i.GPIO_clearInterruptFlag) for GPIO_clearInterruptFlag
    key.o(i.PORT1_IRQHandler) refers to led.o(i.LED_RED_On) for LED_RED_On
    key.o(i.PORT1_IRQHandler) refers to led.o(i.LED_RED_Off) for LED_RED_Off
    delay.o(i.delay_init) refers to cs.o(i.CS_getMCLK) for CS_getMCLK
    delay.o(i.delay_init) refers to delay.o(.data) for .data
    delay.o(i.delay_ms) refers to delay.o(i.delay_us) for delay_us
    delay.o(i.delay_us) refers to delay.o(.data) for .data
    baudrate_calculate.o(i.eusci_calcBaudDividers) refers to cs.o(i.CS_getSMCLK) for CS_getSMCLK
    baudrate_calculate.o(i.eusci_calcBaudDividers) refers to cs.o(i.CS_getACLK) for CS_getACLK
    baudrate_calculate.o(i.eusci_calcBaudDividers) refers to baudrate_calculate.o(i.bitPosition) for bitPosition
    sysinit.o(i.SysInit) refers to gpio.o(i.GPIO_setAsPeripheralModuleFunctionOutputPin) for GPIO_setAsPeripheralModuleFunctionOutputPin
    sysinit.o(i.SysInit) refers to cs.o(i.CS_setExternalClockSourceFrequency) for CS_setExternalClockSourceFrequency
    sysinit.o(i.SysInit) refers to pcm.o(i.PCM_setCoreVoltageLevel) for PCM_setCoreVoltageLevel
    sysinit.o(i.SysInit) refers to flash.o(i.FlashCtl_setWaitState) for FlashCtl_setWaitState
    sysinit.o(i.SysInit) refers to cs.o(i.CS_startHFXT) for CS_startHFXT
    sysinit.o(i.SysInit) refers to cs.o(i.CS_startLFXT) for CS_startLFXT
    sysinit.o(i.SysInit) refers to cs.o(i.CS_initClockSignal) for CS_initClockSignal
    usart.o(.rev16_text) refers (Special) to use_no_semi_2.o(.text) for __use_no_semihosting
    usart.o(.revsh_text) refers (Special) to use_no_semi_2.o(.text) for __use_no_semihosting
    usart.o(.rrx_text) refers (Special) to use_no_semi_2.o(.text) for __use_no_semihosting
[...]
    libinit.o(.ARM.Collect$$libinit$$00000000) refers (Special) to libinit2.o(.ARM.Collect$$libinit$$00000015) for __rt_lib_init_lc_monetary_1
    libinit.o(.ARM.Collect$$libinit$$00000000) refers (Special) to libinit2.o(.ARM.Collect$$libinit$$00000017) for __rt_lib_init_lc_numeric_1
    libinit.o(.ARM.Collect$$libinit$$00000000) refers (Special) to libinit2.o(.ARM.Collect$$libinit$$00000019) for __rt_lib_init_lc_time_1
    libinit.o(.ARM.Collect$$libinit$$00000000) refers (Special) to libinit2.o(.ARM.Collect$$libinit$$00000004) for __rt_lib_init_preinit_1
    libinit.o(.ARM.Collect$$libinit$$00000000) refers (Special) to libinit2.o(.ARM.Collect$$libinit$$0000000E) for __rt_lib_init_rand_1
    libinit.o(.ARM.Collect$$libinit$$00000000) refers (Special) to libinit2.o(.ARM.Collect$$libinit$$00000033) for __rt_lib_init_return
    libinit.o(.ARM.Collect$$libinit$$00000000) refers (Special) to libinit2.o(.ARM.Collect$$libinit$$0000001D) for __rt_lib_init_signal_1
    libinit.o(.ARM.Collect$$libinit$$00000000) refers (Special) to libinit2.o(.ARM.Collect$$libinit$$00000025) for __rt_lib_init_stdio_1
    libinit.o(.ARM.Collect$$libinit$$00000000) refers (Special) to libinit2.o(.ARM.Collect$$libinit$$0000000C) for __rt_lib_init_user_alloc_1
    libspace.o(.text) refers to libspace.o(.bss) for __libspace_start
    rtexit.o(.ARM.Collect$$rtexit$$00000000) refers (Special) to rtexit2.o(.ARM.Collect$$rtexit$$00000004) for __rt_exit_exit
    rtexit.o(.ARM.Collect$$rtexit$$00000000) refers (Special) to rtexit2.o(.ARM.Collect$$rtexit$$00000003) for __rt_exit_ls
    rtexit.o(.ARM.Collect$$rtexit$$00000000) refers (Special) to rtexit2.o(.ARM.Collect$$rtexit$$00000002) for __rt_exit_prels_1
    rtexit.o(.ARM.exidx) refers (Special) to rtexit2.o(.ARM.Collect$$rtexit$$00000004) for __rt_exit_exit
    rtexit.o(.ARM.exidx) refers (Special) to rtexit2.o(.ARM.Collect$$rtexit$$00000003) for __rt_exit_ls
    rtexit.o(.ARM.exidx) refers (Special) to rtexit2.o(.ARM.Collect$$rtexit$$00000002) for __rt_exit_prels_1
    rtexit.o(.ARM.exidx) refers to rtexit.o(.ARM.Collect$$rtexit$$00000000) for .ARM.Collect$$rtexit$$00000000
    libinit2.o(.ARM.Collect$$libinit$$00000001) refers to fpinit.o(x$fpl$fpinit) for _fp_init
    libinit2.o(.ARM.Collect$$libinit$$00000010) refers to libinit2.o(.ARM.Collect$$libinit$$0000000F) for .ARM.Collect$$libinit$$0000000F
    libinit2.o(.ARM.Collect$$libinit$$00000012) refers to libinit2.o(.ARM.Collect$$libinit$$0000000F) for .ARM.Collect$$libinit$$0000000F
    libinit2.o(.ARM.Collect$$libinit$$00000014) refers to libinit2.o(.ARM.Collect$$libinit$$0000000F) for .ARM.Collect$$libinit$$0000000F
    libinit2.o(.ARM.Collect$$libinit$$00000016) refers to libinit2.o(.ARM.Collect$$libinit$$0000000F) for .ARM.Collect$$libinit$$0000000F
    libinit2.o(.ARM.Collect$$libinit$$00000018) refers to libinit2.o(.ARM.Collect$$libinit$$0000000F) for .ARM.Collect$$libinit$$0000000F
    libinit2.o(.ARM.Collect$$libinit$$00000026) refers to argv_veneer.o(.emb_text) for __ARM_argv_veneer
    libinit2.o(.ARM.Collect$$libinit$$00000027) refers to argv_veneer.o(.emb_text) for __ARM_argv_veneer
    rtexit2.o(.ARM.Collect$$rtexit$$00000003) refers to libshutdown.o(.ARM.Collect$$libshutdown$$00000000) for __rt_lib_shutdown
    rtexit2.o(.ARM.Collect$$rtexit$$00000004) refers to usart.o(i._sys_exit) for _sys_exit
    rtexit2.o(.ARM.exidx) refers to rtexit2.o(.ARM.Collect$$rtexit$$00000001) for .ARM.Collect$$rtexit$$00000001
    rtexit2.o(.ARM.exidx) refers to rtexit2.o(.ARM.Collect$$rtexit$$00000003) for .ARM.Collect$$rtexit$$00000003
    rtexit2.o(.ARM.exidx) refers to rtexit2.o(.ARM.Collect$$rtexit$$00000004) for .ARM.Collect$$rtexit$$00000004
    argv_veneer.o(.emb_text) refers to no_argv.o(.text) for __ARM_get_argv
    _get_argv_nomalloc.o(.text) refers (Special) to hrguard.o(.text) for __heap_region$guard
    _get_argv_nomalloc.o(.text) refers to defsig_rtmem_outer.o(.text) for __rt_SIGRTMEM
    _get_argv_nomalloc.o(.text) refers to sys_command.o(.text) for _sys_command_string
    libshutdown.o(.ARM.Collect$$libshutdown$$00000000) refers (Special) to libshutdown2.o(.ARM.Collect$$libshutdown$$00000002) for __rt_lib_shutdown_cpp_1
    libshutdown.o(.ARM.Collect$$libshutdown$$00000000) refers (Special) to libshutdown2.o(.ARM.Collect$$libshutdown$$00000007) for __rt_lib_shutdown_fp_trap_1
    libshutdown.o(.ARM.Collect$$libshutdown$$00000000) refers (Special) to libshutdown2.o(.ARM.Collect$$libshutdown$$0000000F) for __rt_lib_shutdown_heap_1
    libshutdown.o(.ARM.Collect$$libshutdown$$00000000) refers (Special) to libshutdown2.o(.ARM.Collect$$libshutdown$$00000010) for __rt_lib_shutdown_return
    libshutdown.o(.ARM.Collect$$libshutdown$$00000000) refers (Special) to libshutdown2.o(.ARM.Collect$$libshutdown$$0000000A) for __rt_lib_shutdown_signal_1
    libshutdown.o(.ARM.Collect$$libshutdown$$00000000) refers (Special) to libshutdown2.o(.ARM.Collect$$libshutdown$$00000004) for __rt_lib_shutdown_stdio_1
    libshutdown.o(.ARM.Collect$$libshutdown$$00000000) refers (Special) to libshutdown2.o(.ARM.Collect$$libshutdown$$0000000C) for __rt_lib_shutdown_user_alloc_1
    sys_command.o(.text) refers (Special) to use_no_semi.o(.text) for __I$use$semihosting
    sys_command.o(.text) refers (Special) to indicate_semi.o(.text) for __semihosting_library_function
    defsig_rtmem_outer.o(.text) refers to defsig_rtmem_inner.o(.text) for __rt_SIGRTMEM_inner
    defsig_rtmem_outer.o(.text) refers to defsig_exit.o(.text) for __sig_exit
    defsig_rtmem_formal.o(.text) refers to rt_raise.o(.text) for __rt_raise
    rt_raise.o(.text) refers to __raise.o(.text) for __raise
    rt_raise.o(.text) refers to usart.o(i._sys_exit) for _sys_exit
    defsig_exit.o(.text) refers to usart.o(i._sys_exit) for _sys_exit
    defsig_rtmem_inner.o(.text) refers to defsig_general.o(.text) for __default_signal_display
    __raise.o(.text) refers to defsig.o(CL$$defsig) for __default_signal_handler
    defsig_general.o(.text) refers to sys_wrch.o(.text) for _ttywrch
    sys_wrch.o(.text) refers (Special) to use_no_semi.o(.text) for __I$use$semihosting
    sys_wrch.o(.text) refers (Special) to indicate_semi.o(.text) for __semihosting_library_function
    defsig.o(CL$$defsig) refers to defsig_rtmem_inner.o(.text) for __rt_SIGRTMEM_inner
    defsig_abrt_inner.o(.text) refers to defsig_general.o(.text) for __default_signal_display
    defsig_fpe_inner.o(.text) refers to defsig_general.o(.text) for __default_signal_display
    defsig_rtred_inner.o(.text) refers to defsig_general.o(.text) for __default_signal_display
    defsig_stak_inner.o(.text) refers to defsig_general.o(.text) for __default_signal_display
    defsig_pvfn_inner.o(.text) refers to defsig_general.o(.text) for __default_signal_display
    defsig_cppl_inner.o(.text) refers to defsig_general.o(.text) for __default_signal_display
    defsig_segv_inner.o(.text) refers to defsig_general.o(.text) for __default_signal_display
    defsig_other.o(.text) refers to defsig_general.o(.text) for __default_signal_display


==============================================================================

Removing Unused input sections from the image.

    Removing main.o(.rev16_text), (4 bytes).
    Removing main.o(.revsh_text), (4 bytes).
    Removing main.o(.rrx_text), (6 bytes).
    Removing system_msp432p401r.o(.rev16_text), (4 bytes).
    Removing system_msp432p401r.o(.revsh_text), (4 bytes).
    Removing system_msp432p401r.o(.rrx_text), (6 bytes).
    Removing system_msp432p401r.o(i.SystemCoreClockUpdate), (452 bytes).
    Removing system_msp432p401r.o(.data), (4 bytes).
    Removing led.o(.rev16_text), (4 bytes).
    Removing led.o(.revsh_text), (4 bytes).
    Removing led.o(.rrx_text), (6 bytes).
    Removing led.o(i.LED_B_Off), (16 bytes).
    Removing led.o(i.LED_B_On), (16 bytes).
    Removing led.o(i.LED_B_Tog), (20 bytes).
    Removing led.o(i.LED_C_On), (20 bytes).
    Removing led.o(i.LED_G_Off), (16 bytes).
    Removing led.o(i.LED_G_On), (16 bytes).
    Removing led.o(i.LED_G_Tog), (20 bytes).
    Removing led.o(i.LED_Init), (44 bytes).
    Removing led.o(i.LED_P_On), (20 bytes).
    Removing led.o(i.LED_RED_Tog), (20 bytes).
    Removing led.o(i.LED_R_Off), (16 bytes).
    Removing led.o(i.LED_R_On), (16 bytes).
    Removing led.o(i.LED_R_Tog), (20 bytes).
    Removing led.o(i.LED_W_Off), (20 bytes).
    Removing led.o(i.LED_W_On), (20 bytes).
    Removing led.o(i.LED_W_Tog), (18 bytes).
    Removing led.o(i.LED_Y_On), (20 bytes).
    Removing key.o(.rev16_text), (4 bytes).
    Removing key.o(.revsh_text), (4 bytes).
    Removing key.o(.rrx_text), (6 bytes).
    Removing key.o(i.KEY_Init), (80 bytes).
    Removing key.o(i.KEY_Scan), (88 bytes).
    Removing key.o(.data), (1 bytes).
    Removing delay.o(.rev16_text), (4 bytes).
    Removing delay.o(.revsh_text), (4 bytes).
    Removing delay.o(.rrx_text), (6 bytes).
    Removing baudrate_calculate.o(.rev16_text), (4 bytes).
    Removing baudrate_calculate.o(.revsh_text), (4 bytes).
    Removing baudrate_calculate.o(.rrx_text), (6 bytes).
    Removing baudrate_calculate.o(i.bitPosition), (16 bytes).
    Removing baudrate_calculate.o(i.eusci_calcBaudDividers), (300 bytes).
    Removing sysinit.o(.rev16_text), (4 bytes).
    Removing sysinit.o(.revsh_text), (4 bytes).
    Removing sysinit.o(.rrx_text), (6 bytes).
    Removing usart.o(.rev16_text), (4 bytes).
    Removing usart.o(.revsh_text), (4 bytes).
    Removing usart.o(.rrx_text), (6 bytes).
    Removing usart.o(i.uart_init), (64 bytes).
    Removing usart.o(.constdata), (36 bytes).
    Removing tima.o(.rev16_text), (4 bytes).
    Removing tima.o(.revsh_text), (4 bytes).
    Removing tima.o(.rrx_text), (6 bytes).
    Removing tima.o(i.TimA0_Int_Init), (62 bytes).
    Removing tima.o(i.TimA2_Cap_Init), (96 bytes).
    Removing tima.o(.constdata), (40 bytes).
    Removing tim32.o(.rev16_text), (4 bytes).
    Removing tim32.o(.revsh_text), (4 bytes).
    Removing tim32.o(.rrx_text), (6 bytes).
    Removing tim32.o(i.Tim32_0_Int_Init), (52 bytes).
    Removing tim32.o(i.Tim32_1_Int_Init), (52 bytes).
    Removing cs.o(.rev16_text), (4 bytes).
    Removing cs.o(.revsh_text), (4 bytes).
    Removing cs.o(.rrx_text), (6 bytes).
    Removing cs.o(i.CS_clearInterruptFlag), (36 bytes).
    Removing cs.o(i.CS_disableClockRequest), (40 bytes).
    Removing cs.o(i.CS_disableDCOExternalResistor), (32 bytes).
    Removing cs.o(i.CS_disableFaultCounter), (40 bytes).
    Removing cs.o(i.CS_disableInterrupt), (40 bytes).
    Removing cs.o(i.CS_enableClockRequest), (36 bytes).
    Removing cs.o(i.CS_enableDCOExternalResistor), (28 bytes).
    Removing cs.o(i.CS_enableFaultCounter), (36 bytes).
    Removing cs.o(i.CS_enableInterrupt), (36 bytes).
    Removing cs.o(i.CS_getACLK), (24 bytes).
    Removing cs.o(i.CS_getBCLK), (28 bytes).
    Removing cs.o(i.CS_getEnabledInterruptStatus), (20 bytes).
    Removing cs.o(i.CS_getHSMCLK), (24 bytes).
    Removing cs.o(i.CS_getInterruptStatus), (12 bytes).
    Removing cs.o(i.CS_getSMCLK), (24 bytes).
    Removing cs.o(i.CS_registerInterrupt), (20 bytes).
    Removing cs.o(i.CS_resetFaultCounter), (36 bytes).
    Removing cs.o(i.CS_setDCOCenteredFrequency), (36 bytes).
    Removing cs.o(i.CS_setDCOExternalResistorCalibration), (128 bytes).
    Removing cs.o(i.CS_setDCOFrequency), (380 bytes).
    Removing cs.o(i.CS_setReferenceOscillatorFrequency), (32 bytes).
    Removing cs.o(i.CS_startFaultCounter), (52 bytes).
    Removing cs.o(i.CS_tuneDCOFrequency), (88 bytes).
    Removing cs.o(i.CS_unregisterInterrupt), (18 bytes).
    Removing flash.o(.rev16_text), (4 bytes).
    Removing flash.o(.revsh_text), (4 bytes).
    Removing flash.o(.rrx_text), (6 bytes).
    Removing flash.o(i.FlashCtl_clearInterruptFlag), (16 bytes).
    Removing flash.o(i.FlashCtl_clearProgramVerification), (64 bytes).
    Removing flash.o(i.FlashCtl_disableInterrupt), (20 bytes).
    Removing flash.o(i.FlashCtl_disableReadBuffering), (64 bytes).
    Removing flash.o(i.FlashCtl_disableWordProgramming), (12 bytes).
    Removing flash.o(i.FlashCtl_enableInterrupt), (16 bytes).
    Removing flash.o(i.FlashCtl_enableReadBuffering), (64 bytes).
    Removing flash.o(i.FlashCtl_enableWordProgramming), (32 bytes).
    Removing flash.o(i.FlashCtl_eraseSector), (248 bytes).
    Removing flash.o(i.FlashCtl_getEnabledInterruptStatus), (16 bytes).
    Removing flash.o(i.FlashCtl_getInterruptStatus), (12 bytes).
    Removing flash.o(i.FlashCtl_getMemoryInfo), (36 bytes).
    Removing flash.o(i.FlashCtl_getReadMode), (32 bytes).
    Removing flash.o(i.FlashCtl_getWaitState), (32 bytes).
    Removing flash.o(i.FlashCtl_initiateMassErase), (28 bytes).
    Removing flash.o(i.FlashCtl_initiateSectorErase), (100 bytes).
    Removing flash.o(i.FlashCtl_isSectorProtected), (72 bytes).
    Removing flash.o(i.FlashCtl_isWordProgrammingEnabled), (32 bytes).
    Removing flash.o(i.FlashCtl_performMassErase), (520 bytes).
    Removing flash.o(i.FlashCtl_programMemory), (656 bytes).
    Removing flash.o(i.FlashCtl_protectSector), (76 bytes).
    Removing flash.o(i.FlashCtl_registerInterrupt), (20 bytes).
    Removing flash.o(i.FlashCtl_setProgramVerification), (64 bytes).
    Removing flash.o(i.FlashCtl_setReadMode), (72 bytes).
    Removing flash.o(i.FlashCtl_unprotectSector), (84 bytes).
    Removing flash.o(i.FlashCtl_unregisterInterrupt), (18 bytes).
    Removing flash.o(i.FlashCtl_verifyMemory), (480 bytes).
    Removing flash.o(i._FlashCtl_Program32), (496 bytes).
    Removing flash.o(i._FlashCtl_Program8), (348 bytes).
    Removing flash.o(i.__FlashCtl_remaskBurstDataPost), (252 bytes).
    Removing flash.o(i.__FlashCtl_remaskBurstDataPre), (256 bytes).
    Removing flash.o(i.__FlashCtl_remaskData32Post), (172 bytes).
    Removing flash.o(i.__FlashCtl_remaskData32Pre), (176 bytes).
    Removing flash.o(i.__FlashCtl_remaskData8Post), (104 bytes).
    Removing flash.o(i.__FlashCtl_remaskData8Pre), (108 bytes).
    Removing flash.o(.data), (64 bytes).
    Removing gpio.o(.rev16_text), (4 bytes).
    Removing gpio.o(.revsh_text), (4 bytes).
    Removing gpio.o(.rrx_text), (6 bytes).
    Removing gpio.o(i.GPIO_disableInterrupt), (20 bytes).
    Removing gpio.o(i.GPIO_enableInterrupt), (20 bytes).
    Removing gpio.o(i.GPIO_getInputPinValue), (20 bytes).
    Removing gpio.o(i.GPIO_getInterruptStatus), (16 bytes).
    Removing gpio.o(i.GPIO_interruptEdgeSelect), (28 bytes).
    Removing gpio.o(i.GPIO_registerInterrupt), (28 bytes).
    Removing gpio.o(i.GPIO_setAsInputPin), (40 bytes).
    Removing gpio.o(i.GPIO_setAsInputPinWithPullDownResistor), (44 bytes).
    Removing gpio.o(i.GPIO_setAsInputPinWithPullUpResistor), (44 bytes).
    Removing gpio.o(i.GPIO_setAsOutputPin), (32 bytes).
    Removing gpio.o(i.GPIO_setAsPeripheralModuleFunctionInputPin), (72 bytes).
    Removing gpio.o(i.GPIO_setDriveStrengthHigh), (20 bytes).
    Removing gpio.o(i.GPIO_setDriveStrengthLow), (20 bytes).
    Removing gpio.o(i.GPIO_setOutputHighOnPin), (20 bytes).
    Removing gpio.o(i.GPIO_setOutputLowOnPin), (20 bytes).
    Removing gpio.o(i.GPIO_unregisterInterrupt), (28 bytes).
    Removing gpio.o(.constdata), (28 bytes).
    Removing interrupt.o(.rev16_text), (4 bytes).
    Removing interrupt.o(.revsh_text), (4 bytes).
    Removing interrupt.o(.rrx_text), (6 bytes).
    Removing interrupt.o(i.IntDefaultHandler), (2 bytes).
    Removing interrupt.o(i.Interrupt_disableInterrupt), (100 bytes).
    Removing interrupt.o(i.Interrupt_disableMaster), (14 bytes).
    Removing interrupt.o(i.Interrupt_disableSleepOnIsrExit), (16 bytes).
    Removing interrupt.o(i.Interrupt_enableInterrupt), (100 bytes).
    Removing interrupt.o(i.Interrupt_enableMaster), (14 bytes).
    Removing interrupt.o(i.Interrupt_enableSleepOnIsrExit), (16 bytes).
    Removing interrupt.o(i.Interrupt_getPriority), (28 bytes).
    Removing interrupt.o(i.Interrupt_getPriorityGrouping), (36 bytes).
    Removing interrupt.o(i.Interrupt_getPriorityMask), (10 bytes).
    Removing interrupt.o(i.Interrupt_getVectorTableAddress), (12 bytes).
    Removing interrupt.o(i.Interrupt_isEnabled), (104 bytes).
    Removing interrupt.o(i.Interrupt_pendInterrupt), (84 bytes).
    Removing interrupt.o(i.Interrupt_registerInterrupt), (52 bytes).
    Removing interrupt.o(i.Interrupt_setPriority), (40 bytes).
    Removing interrupt.o(i.Interrupt_setPriorityGrouping), (28 bytes).
    Removing interrupt.o(i.Interrupt_setPriorityMask), (4 bytes).
    Removing interrupt.o(i.Interrupt_setVectorTableAddress), (12 bytes).
    Removing interrupt.o(i.Interrupt_unpendInterrupt), (68 bytes).
    Removing interrupt.o(i.Interrupt_unregisterInterrupt), (20 bytes).
    Removing interrupt.o(.constdata), (144 bytes).
    Removing interrupt.o(vtable), (228 bytes).
    Removing pcm.o(.rev16_text), (4 bytes).
    Removing pcm.o(.revsh_text), (4 bytes).
    Removing pcm.o(.rrx_text), (6 bytes).
    Removing pcm.o(i.PCM_clearInterruptFlag), (16 bytes).
    Removing pcm.o(i.PCM_disableInterrupt), (16 bytes).
    Removing pcm.o(i.PCM_disableRudeMode), (28 bytes).
    Removing pcm.o(i.PCM_enableInterrupt), (16 bytes).
    Removing pcm.o(i.PCM_enableRudeMode), (24 bytes).
    Removing pcm.o(i.PCM_getEnabledInterruptStatus), (16 bytes).
    Removing pcm.o(i.PCM_getInterruptStatus), (12 bytes).
    Removing pcm.o(i.PCM_getPowerState), (12 bytes).
    Removing pcm.o(i.PCM_gotoLPM0), (44 bytes).
    Removing pcm.o(i.PCM_gotoLPM0InterruptSafe), (24 bytes).
    Removing pcm.o(i.PCM_gotoLPM3), (136 bytes).
    Removing pcm.o(i.PCM_gotoLPM3InterruptSafe), (24 bytes).
    Removing pcm.o(i.PCM_gotoLPM4), (18 bytes).
    Removing pcm.o(i.PCM_gotoLPM4InterruptSafe), (32 bytes).
    Removing pcm.o(i.PCM_registerInterrupt), (20 bytes).
    Removing pcm.o(i.PCM_setCoreVoltageLevelNonBlocking), (8 bytes).
    Removing pcm.o(i.PCM_setCoreVoltageLevelWithTimeout), (6 bytes).
    Removing pcm.o(i.PCM_setPowerMode), (8 bytes).
    Removing pcm.o(i.PCM_setPowerModeNonBlocking), (8 bytes).
    Removing pcm.o(i.PCM_setPowerModeWithTimeout), (6 bytes).
    Removing pcm.o(i.PCM_setPowerState), (8 bytes).
    Removing pcm.o(i.PCM_setPowerStateNonBlocking), (8 bytes).
    Removing pcm.o(i.PCM_setPowerStateWithTimeout), (6 bytes).
    Removing pcm.o(i.PCM_shutdownDevice), (76 bytes).
    Removing pcm.o(i.PCM_unregisterInterrupt), (18 bytes).
    Removing pcm.o(i.__PCM_setPowerStateAdvanced), (580 bytes).
    Removing timer_a.o(.rev16_text), (4 bytes).
    Removing timer_a.o(.revsh_text), (4 bytes).
    Removing timer_a.o(.rrx_text), (6 bytes).
    Removing timer_a.o(i.Timer_A_configureContinuousMode), (42 bytes).
    Removing timer_a.o(i.Timer_A_configureUpDownMode), (70 bytes).
    Removing timer_a.o(i.Timer_A_configureUpMode), (70 bytes).
    Removing timer_a.o(i.Timer_A_disableCaptureCompareInterrupt), (28 bytes).
    Removing timer_a.o(i.Timer_A_disableInterrupt), (12 bytes).
    Removing timer_a.o(i.Timer_A_enableCaptureCompareInterrupt), (28 bytes).
    Removing timer_a.o(i.Timer_A_enableInterrupt), (12 bytes).
    Removing timer_a.o(i.Timer_A_getCaptureCompareInterruptStatus), (20 bytes).
    Removing timer_a.o(i.Timer_A_getCounterValue), (28 bytes).
    Removing timer_a.o(i.Timer_A_getInterruptStatus), (8 bytes).
    Removing timer_a.o(i.Timer_A_getOutputForOutputModeOutBitValue), (32 bytes).
    Removing timer_a.o(i.Timer_A_initCapture), (68 bytes).
    Removing timer_a.o(i.Timer_A_initCompare), (40 bytes).
    Removing timer_a.o(i.Timer_A_registerInterrupt), (214 bytes).
    Removing timer_a.o(i.Timer_A_setOutputForOutputModeOutBitValue), (26 bytes).
    Removing timer_a.o(i.Timer_A_startCounter), (8 bytes).
    Removing timer_a.o(i.Timer_A_stopTimer), (10 bytes).
    Removing timer_a.o(i.Timer_A_unregisterInterrupt), (198 bytes).
    Removing timer32.o(.rev16_text), (4 bytes).
    Removing timer32.o(.revsh_text), (4 bytes).
    Removing timer32.o(.rrx_text), (6 bytes).
    Removing timer32.o(i.Timer32_disableInterrupt), (10 bytes).
    Removing timer32.o(i.Timer32_enableInterrupt), (10 bytes).
    Removing timer32.o(i.Timer32_getInterruptStatus), (4 bytes).
    Removing timer32.o(i.Timer32_getValue), (4 bytes).
    Removing timer32.o(i.Timer32_haltTimer), (10 bytes).
    Removing timer32.o(i.Timer32_initModule), (64 bytes).
    Removing timer32.o(i.Timer32_registerInterrupt), (18 bytes).
    Removing timer32.o(i.Timer32_setCount), (30 bytes).
    Removing timer32.o(i.Timer32_setCountInBackground), (30 bytes).
    Removing timer32.o(i.Timer32_startTimer), (26 bytes).
    Removing timer32.o(i.Timer32_unregisterInterrupt), (18 bytes).
    Removing uart.o(.rev16_text), (4 bytes).
    Removing uart.o(.revsh_text), (4 bytes).
    Removing uart.o(.rrx_text), (6 bytes).
    Removing uart.o(i.UART_clearInterruptFlag), (10 bytes).
    Removing uart.o(i.UART_disableInterrupt), (26 bytes).
    Removing uart.o(i.UART_disableModule), (12 bytes).
    Removing uart.o(i.UART_enableInterrupt), (22 bytes).
    Removing uart.o(i.UART_enableModule), (12 bytes).
    Removing uart.o(i.UART_getEnabledInterruptStatus), (34 bytes).
    Removing uart.o(i.UART_getInterruptStatus), (6 bytes).
    Removing uart.o(i.UART_getReceiveBufferAddressForDMA), (4 bytes).
    Removing uart.o(i.UART_getTransmitBufferAddressForDMA), (4 bytes).
    Removing uart.o(i.UART_initModule), (136 bytes).
    Removing uart.o(i.UART_queryStatusFlags), (6 bytes).
    Removing uart.o(i.UART_receiveData), (26 bytes).
    Removing uart.o(i.UART_registerInterrupt), (96 bytes).
    Removing uart.o(i.UART_resetDormant), (12 bytes).
    Removing uart.o(i.UART_selectDeglitchTime), (12 bytes).
    Removing uart.o(i.UART_setDormant), (12 bytes).
    Removing uart.o(i.UART_transmitAddress), (14 bytes).
    Removing uart.o(i.UART_transmitBreak), (48 bytes).
    Removing uart.o(i.UART_unregisterInterrupt), (96 bytes).
    Removing cpu.o(.rev16_text), (4 bytes).
    Removing cpu.o(.revsh_text), (4 bytes).
    Removing cpu.o(.rrx_text), (6 bytes).
    Removing cpu.o(.emb_text), (38 bytes).
    Removing rtc_c.o(.rev16_text), (4 bytes).
    Removing rtc_c.o(.revsh_text), (4 bytes).
    Removing rtc_c.o(.rrx_text), (6 bytes).
    Removing rtc_c.o(i.RTC_C_clearInterruptFlag), (76 bytes).
    Removing rtc_c.o(i.RTC_C_convertBCDToBinary), (12 bytes).
    Removing rtc_c.o(i.RTC_C_convertBinaryToBCD), (12 bytes).
    Removing rtc_c.o(i.RTC_C_definePrescaleEvent), (30 bytes).
    Removing rtc_c.o(i.RTC_C_disableInterrupt), (72 bytes).
    Removing rtc_c.o(i.RTC_C_enableInterrupt), (60 bytes).
    Removing rtc_c.o(i.RTC_C_getCalendarTime), (100 bytes).
    Removing rtc_c.o(i.RTC_C_getEnabledInterruptStatus), (108 bytes).
    Removing rtc_c.o(i.RTC_C_getInterruptStatus), (44 bytes).
    Removing rtc_c.o(i.RTC_C_getPrescaleValue), (28 bytes).
    Removing rtc_c.o(i.RTC_C_holdClock), (40 bytes).
    Removing rtc_c.o(i.RTC_C_initCalendar), (108 bytes).
    Removing rtc_c.o(i.RTC_C_registerInterrupt), (20 bytes).
    Removing rtc_c.o(i.RTC_C_setCalendarAlarm), (44 bytes).
    Removing rtc_c.o(i.RTC_C_setCalendarEvent), (44 bytes).
    Removing rtc_c.o(i.RTC_C_setCalibrationData), (40 bytes).
    Removing rtc_c.o(i.RTC_C_setCalibrationFrequency), (44 bytes).
    Removing rtc_c.o(i.RTC_C_setPrescaleValue), (68 bytes).
    Removing rtc_c.o(i.RTC_C_setTemperatureCompensation), (36 bytes).
    Removing rtc_c.o(i.RTC_C_startClock), (36 bytes).
    Removing rtc_c.o(i.RTC_C_unregisterInterrupt), (18 bytes).
    Removing sysctl.o(.rev16_text), (4 bytes).
    Removing sysctl.o(.revsh_text), (4 bytes).
    Removing sysctl.o(.rrx_text), (6 bytes).
    Removing sysctl.o(i.SysCtl_disableGlitchFilter), (16 bytes).
    Removing sysctl.o(i.SysCtl_disablePeripheralAtCPUHalt), (16 bytes).
    Removing sysctl.o(i.SysCtl_disableSRAMBank), (84 bytes).
    Removing sysctl.o(i.SysCtl_disableSRAMBankRetention), (24 bytes).
    Removing sysctl.o(i.SysCtl_enableGlitchFilter), (16 bytes).
    Removing sysctl.o(i.SysCtl_enablePeripheralAtCPUHalt), (16 bytes).
    Removing sysctl.o(i.SysCtl_enableSRAMBank), (24 bytes).
    Removing sysctl.o(i.SysCtl_enableSRAMBankRetention), (24 bytes).
    Removing sysctl.o(i.SysCtl_getFlashSize), (12 bytes).
    Removing sysctl.o(i.SysCtl_getSRAMSize), (12 bytes).
    Removing sysctl.o(i.SysCtl_getTempCalibrationConstant), (14 bytes).
    Removing sysctl.o(i.SysCtl_rebootDevice), (16 bytes).
    Removing sysctl.o(i.SysCtl_setWDTPasswordViolationResetType), (24 bytes).
    Removing sysctl.o(i.SysCtl_setWDTTimeoutResetType), (24 bytes).
    Removing wdt_a.o(.rev16_text), (4 bytes).
    Removing wdt_a.o(.revsh_text), (4 bytes).
    Removing wdt_a.o(.rrx_text), (6 bytes).
    Removing wdt_a.o(i.WDT_A_clearTimer), (24 bytes).
    Removing wdt_a.o(i.WDT_A_holdTimer), (24 bytes).
    Removing wdt_a.o(i.WDT_A_initIntervalTimer), (20 bytes).
    Removing wdt_a.o(i.WDT_A_initWatchdogTimer), (20 bytes).
    Removing wdt_a.o(i.WDT_A_registerInterrupt), (20 bytes).
    Removing wdt_a.o(i.WDT_A_setPasswordViolationReset), (4 bytes).
    Removing wdt_a.o(i.WDT_A_setTimeoutReset), (4 bytes).
    Removing wdt_a.o(i.WDT_A_startTimer), (20 bytes).
    Removing wdt_a.o(i.WDT_A_unregisterInterrupt), (18 bytes).

315 unused section(s) (total 14179 bytes) removed from the image.

==============================================================================

Image Symbol Table

    Local Symbols

    Symbol Name                              Value     Ov Type        Size  Object(Section)

    RESET                                    0x00000000   Section      324  startup_msp432p401r_uvision.o(RESET)
    ../clib/angel/boardlib.s                 0x00000000   Number         0  boardshut.o ABSOLUTE
    ../clib/angel/boardlib.s                 0x00000000   Number         0  boardinit3.o ABSOLUTE
    ../clib/angel/boardlib.s                 0x00000000   Number         0  boardinit2.o ABSOLUTE
    ../clib/angel/boardlib.s                 0x00000000   Number         0  boardinit1.o ABSOLUTE
    ../clib/angel/handlers.s                 0x00000000   Number         0  __scatter_zi.o ABSOLUTE
    ../clib/angel/handlers.s                 0x00000000   Number         0  __scatter_copy.o ABSOLUTE
    ../clib/angel/kernel.s                   0x00000000   Number         0  __rtentry2.o ABSOLUTE
    ../clib/angel/kernel.s                   0x00000000   Number         0  __rtentry4.o ABSOLUTE
    ../clib/angel/kernel.s                   0x00000000   Number         0  rtexit2.o ABSOLUTE
    ../clib/angel/kernel.s                   0x00000000   Number         0  rtexit.o ABSOLUTE
    ../clib/angel/kernel.s                   0x00000000   Number         0  __rtentry.o ABSOLUTE
    ../clib/angel/rt.s                       0x00000000   Number         0  rt_raise.o ABSOLUTE
    ../clib/angel/scatter.s                  0x00000000   Number         0  __scatter.o ABSOLUTE
    ../clib/angel/startup.s                  0x00000000   Number         0  __main.o ABSOLUTE
    ../clib/angel/sys.s                      0x00000000   Number         0  sys_stackheap_outer.o ABSOLUTE
    ../clib/angel/sys.s                      0x00000000   Number         0  use_no_semi_2.o ABSOLUTE
    ../clib/angel/sys.s                      0x00000000   Number         0  libspace.o ABSOLUTE
    ../clib/angel/sys.s                      0x00000000   Number         0  indicate_semi.o ABSOLUTE
    ../clib/angel/sys.s                      0x00000000   Number         0  use_no_semi.o ABSOLUTE
    ../clib/angel/sysapp.c                   0x00000000   Number         0  sys_wrch.o ABSOLUTE
    ../clib/angel/sysapp.c                   0x00000000   Number         0  sys_command.o ABSOLUTE
    ../clib/armsys.c                         0x00000000   Number         0  argv_veneer.o ABSOLUTE
    ../clib/armsys.c                         0x00000000   Number         0  no_argv.o ABSOLUTE
    ../clib/armsys.c                         0x00000000   Number         0  _get_argv_nomalloc.o ABSOLUTE
    ../clib/armsys.c                         0x00000000   Number         0  argv_veneer.o ABSOLUTE
    ../clib/heapalloc.c                      0x00000000   Number         0  hrguard.o ABSOLUTE
    ../clib/heapaux.c                        0x00000000   Number         0  heapauxi.o ABSOLUTE
    ../clib/libinit.s                        0x00000000   Number         0  libinit.o ABSOLUTE
    ../clib/libinit.s                        0x00000000   Number         0  libinit2.o ABSOLUTE
    ../clib/libinit.s                        0x00000000   Number         0  libshutdown.o ABSOLUTE
    ../clib/libinit.s                        0x00000000   Number         0  libshutdown2.o ABSOLUTE
    ../clib/memcpset.s                       0x00000000   Number         0  rt_memcpy_w.o ABSOLUTE
    ../clib/printf.c                         0x00000000   Number         0  __printf_flags_ss.o ABSOLUTE
    ../clib/printf.c                         0x00000000   Number         0  __2printf.o ABSOLUTE
    ../clib/printf.c                         0x00000000   Number         0  noretval__2printf.o ABSOLUTE
    ../clib/printf.c                         0x00000000   Number         0  __printf_ss.o ABSOLUTE
    ../clib/printf.c                         0x00000000   Number         0  _printf_char_common.o ABSOLUTE
    ../clib/printf.c                         0x00000000   Number         0  _printf_char_file.o ABSOLUTE
    ../clib/printf.c                         0x00000000   Number         0  __printf_nopercent.o ABSOLUTE
    ../clib/printf.c                         0x00000000   Number         0  _printf_intcommon.o ABSOLUTE
    ../clib/printf.c                         0x00000000   Number         0  _printf_dec.o ABSOLUTE
    ../clib/printf.c                         0x00000000   Number         0  __printf_flags.o ABSOLUTE
    ../clib/printf.c                         0x00000000   Number         0  __printf.o ABSOLUTE
    ../clib/printf.c                         0x00000000   Number         0  __printf_flags_ss_wp.o ABSOLUTE
    ../clib/printf.c                         0x00000000   Number         0  __printf_ss_wp.o ABSOLUTE
    ../clib/printf.c                         0x00000000   Number         0  __printf_flags_wp.o ABSOLUTE
    ../clib/printf.c                         0x00000000   Number         0  __printf_wp.o ABSOLUTE
    ../clib/printf_percent.s                 0x00000000   Number         0  _printf_d.o ABSOLUTE
    ../clib/printf_percent.s                 0x00000000   Number         0  _printf_percent_end.o ABSOLUTE
    ../clib/printf_percent.s                 0x00000000   Number         0  _printf_percent.o ABSOLUTE
    ../clib/signal.c                         0x00000000   Number         0  defsig_rtred_inner.o ABSOLUTE
    ../clib/signal.c                         0x00000000   Number         0  defsig_fpe_inner.o ABSOLUTE
    ../clib/signal.c                         0x00000000   Number         0  defsig_abrt_inner.o ABSOLUTE
    ../clib/signal.c                         0x00000000   Number         0  defsig_general.o ABSOLUTE
    ../clib/signal.c                         0x00000000   Number         0  __raise.o ABSOLUTE
    ../clib/signal.c                         0x00000000   Number         0  defsig_rtmem_inner.o ABSOLUTE
    ../clib/signal.c                         0x00000000   Number         0  defsig_exit.o ABSOLUTE
    ../clib/signal.c                         0x00000000   Number         0  defsig_rtmem_formal.o ABSOLUTE
    ../clib/signal.c                         0x00000000   Number         0  defsig_pvfn_inner.o ABSOLUTE
    ../clib/signal.c                         0x00000000   Number         0  defsig_rtmem_outer.o ABSOLUTE
    ../clib/signal.c                         0x00000000   Number         0  defsig_other.o ABSOLUTE
    ../clib/signal.c                         0x00000000   Number         0  defsig_segv_inner.o ABSOLUTE
    ../clib/signal.c                         0x00000000   Number         0  defsig_cppl_inner.o ABSOLUTE
    ../clib/signal.c                         0x00000000   Number         0  defsig_stak_inner.o ABSOLUTE
    ../clib/signal.s                         0x00000000   Number         0  defsig.o ABSOLUTE
    ../clib/stdio.c                          0x00000000   Number         0  ferror_locked.o ABSOLUTE
    ../clib/stdio.c                          0x00000000   Number         0  ferror.o ABSOLUTE
    ../clib/stdlib.c                         0x00000000   Number         0  exit.o ABSOLUTE
    ../fplib/fpinit.s                        0x00000000   Number         0  fpinit.o ABSOLUTE
    ..\\sys\\baudrate_calculate.c            0x00000000   Number         0  baudrate_calculate.o ABSOLUTE
    ..\\sys\\delay.c                         0x00000000   Number         0  delay.o ABSOLUTE
    ..\\sys\\sysinit.c                       0x00000000   Number         0  sysinit.o ABSOLUTE
    ..\\sys\\tim32.c                         0x00000000   Number         0  tim32.o ABSOLUTE
    ..\\sys\\timA.c                          0x00000000   Number         0  tima.o ABSOLUTE
    ..\\sys\\usart.c                         0x00000000   Number         0  usart.o ABSOLUTE
    ..\\ti\\system_msp432p401r.c             0x00000000   Number         0  system_msp432p401r.o ABSOLUTE
    ..\\user\\key\\key.c                     0x00000000   Number         0  key.o ABSOLUTE
    ..\\user\\led\\led.c                     0x00000000   Number         0  led.o ABSOLUTE
    ..\\user\\main.c                         0x00000000   Number         0  main.o ABSOLUTE
    ..\sys\baudrate_calculate.c              0x00000000   Number         0  baudrate_calculate.o ABSOLUTE
    ..\sys\delay.c                           0x00000000   Number         0  delay.o ABSOLUTE
    ..\sys\sysinit.c                         0x00000000   Number         0  sysinit.o ABSOLUTE
    ..\sys\tim32.c                           0x00000000   Number         0  tim32.o ABSOLUTE
    ..\sys\timA.c                            0x00000000   Number         0  tima.o ABSOLUTE
    ..\sys\usart.c                           0x00000000   Number         0  usart.o ABSOLUTE
    ..\ti\system_msp432p401r.c               0x00000000   Number         0  system_msp432p401r.o ABSOLUTE
    ..\user\key\key.c                        0x00000000   Number         0  key.o ABSOLUTE
    ..\user\led\led.c                        0x00000000   Number         0  led.o ABSOLUTE
    ..\user\main.c                           0x00000000   Number         0  main.o ABSOLUTE
    cpu.c                                    0x00000000   Number         0  cpu.o ABSOLUTE
    cpu.c                                    0x00000000   Number         0  cpu.o ABSOLUTE
    cs.c                                     0x00000000   Number         0  cs.o ABSOLUTE
    cs.c                                     0x00000000   Number         0  cs.o ABSOLUTE
    dc.s                                     0x00000000   Number         0  dc.o ABSOLUTE
    flash.c                                  0x00000000   Number         0  flash.o ABSOLUTE
    flash.c                                  0x00000000   Number         0  flash.o ABSOLUTE
    gpio.c                                   0x00000000   Number         0  gpio.o ABSOLUTE
    gpio.c                                   0x00000000   Number         0  gpio.o ABSOLUTE
    interrupt.c                              0x00000000   Number         0  interrupt.o ABSOLUTE
    interrupt.c                              0x00000000   Number         0  interrupt.o ABSOLUTE
    pcm.c                                    0x00000000   Number         0  pcm.o ABSOLUTE
    pcm.c                                    0x00000000   Number         0  pcm.o ABSOLUTE
    rtc_c.c                                  0x00000000   Number         0  rtc_c.o ABSOLUTE
    rtc_c.c                                  0x00000000   Number         0  rtc_c.o ABSOLUTE
    startup_msp432p401r_uvision.s            0x00000000   Number         0  startup_msp432p401r_uvision.o ABSOLUTE
    sysctl.c                                 0x00000000   Number         0  sysctl.o ABSOLUTE
    sysctl.c                                 0x00000000   Number         0  sysctl.o ABSOLUTE
    timer32.c                                0x00000000   Number         0  timer32.o ABSOLUTE
    timer32.c                                0x00000000   Number         0  timer32.o ABSOLUTE
    timer_a.c                                0x00000000   Number         0  timer_a.o ABSOLUTE
    timer_a.c                                0x00000000   Number         0  timer_a.o ABSOLUTE
    uart.c                                   0x00000000   Number         0  uart.o ABSOLUTE
    uart.c                                   0x00000000   Number         0  uart.o ABSOLUTE
    wdt_a.c                                  0x00000000   Number         0  wdt_a.o ABSOLUTE
    wdt_a.c                                  0x00000000   Number         0  wdt_a.o ABSOLUTE
    !!!main                                  0x00000144   Section        8  __main.o(!!!main)
    !!!scatter                               0x0000014c   Section       52  __scatter.o(!!!scatter)
    !!handler_copy                           0x00000180   Section       26  __scatter_copy.o(!!handler_copy)
    !!handler_zi                             0x0000019c   Section       28  __scatter_zi.o(!!handler_zi)
    .ARM.Collect$$_printf_percent$$00000000  0x000001b8   Section        0  _printf_percent.o(.ARM.Collect$$_printf_percent$$00000000)
    .ARM.Collect$$_printf_percent$$00000009  0x000001b8   Section        6  _printf_d.o(.ARM.Collect$$_printf_percent$$00000009)
    .ARM.Collect$$_printf_percent$$00000017  0x000001be   Section        4  _printf_percent_end.o(.ARM.Collect$$_printf_percent$$00000017)
    .ARM.Collect$$libinit$$00000000          0x000001c2   Section        2  libinit.o(.ARM.Collect$$libinit$$00000000)
    .ARM.Collect$$libinit$$00000001          0x000001c4   Section        4  libinit2.o(.ARM.Collect$$libinit$$00000001)
    .ARM.Collect$$libinit$$00000004          0x000001c8   Section        0  libinit2.o(.ARM.Collect$$libinit$$00000004)
    .ARM.Collect$$libinit$$0000000A          0x000001c8   Section        0  libinit2.o(.ARM.Collect$$libinit$$0000000A)
    .ARM.Collect$$libinit$$0000000C          0x000001c8   Section        0  libinit2.o(.ARM.Collect$$libinit$$0000000C)
    .ARM.Collect$$libinit$$0000000E          0x000001c8   Section        0  libinit2.o(.ARM.Collect$$libinit$$0000000E)
    .ARM.Collect$$libinit$$00000011          0x000001c8   Section        0  libinit2.o(.ARM.Collect$$libinit$$00000011)
    .ARM.Collect$$libinit$$00000013          0x000001c8   Section        0  libinit2.o(.ARM.Collect$$libinit$$00000013)
    .ARM.Collect$$libinit$$00000015          0x000001c8   Section        0  libinit2.o(.ARM.Collect$$libinit$$00000015)
    .ARM.Collect$$libinit$$00000017          0x000001c8   Section        0  libinit2.o(.ARM.Collect$$libinit$$00000017)
    .ARM.Collect$$libinit$$00000019          0x000001c8   Section        0  libinit2.o(.ARM.Collect$$libinit$$00000019)
    .ARM.Collect$$libinit$$0000001B          0x000001c8   Section        0  libinit2.o(.ARM.Collect$$libinit$$0000001B)
    .ARM.Collect$$libinit$$0000001D          0x000001c8   Section        0  libinit2.o(.ARM.Collect$$libinit$$0000001D)
    .ARM.Collect$$libinit$$0000001F          0x000001c8   Section        0  libinit2.o(.ARM.Collect$$libinit$$0000001F)
    .ARM.Collect$$libinit$$00000021          0x000001c8   Section        0  libinit2.o(.ARM.Collect$$libinit$$00000021)
    .ARM.Collect$$libinit$$00000023          0x000001c8   Section        0  libinit2.o(.ARM.Collect$$libinit$$00000023)
    .ARM.Collect$$libinit$$00000025          0x000001c8   Section        0  libinit2.o(.ARM.Collect$$libinit$$00000025)
    .ARM.Collect$$libinit$$0000002C          0x000001c8   Section        0  libinit2.o(.ARM.Collect$$libinit$$0000002C)
    .ARM.Collect$$libinit$$0000002E          0x000001c8   Section        0  libinit2.o(.ARM.Collect$$libinit$$0000002E)
    .ARM.Collect$$libinit$$00000030          0x000001c8   Section        0  libinit2.o(.ARM.Collect$$libinit$$00000030)
    .ARM.Collect$$libinit$$00000032          0x000001c8   Section        0  libinit2.o(.ARM.Collect$$libinit$$00000032)
    .ARM.Collect$$libinit$$00000033          0x000001c8   Section        2  libinit2.o(.ARM.Collect$$libinit$$00000033)
    .ARM.Collect$$libshutdown$$00000000      0x000001ca   Section        2  libshutdown.o(.ARM.Collect$$libshutdown$$00000000)
    .ARM.Collect$$libshutdown$$00000002      0x000001cc   Section        0  libshutdown2.o(.ARM.Collect$$libshutdown$$00000002)
    .ARM.Collect$$libshutdown$$00000004      0x000001cc   Section        0  libshutdown2.o(.ARM.Collect$$libshutdown$$00000004)
    .ARM.Collect$$libshutdown$$00000007      0x000001cc   Section        0  libshutdown2.o(.ARM.Collect$$libshutdown$$00000007)
    .ARM.Collect$$libshutdown$$0000000A      0x000001cc   Section        0  libshutdown2.o(.ARM.Collect$$libshutdown$$0000000A)
    .ARM.Collect$$libshutdown$$0000000C      0x000001cc   Section        0  libshutdown2.o(.ARM.Collect$$libshutdown$$0000000C)
    .ARM.Collect$$libshutdown$$0000000F      0x000001cc   Section        0  libshutdown2.o(.ARM.Collect$$libshutdown$$0000000F)
    .ARM.Collect$$libshutdown$$00000010      0x000001cc   Section        2  libshutdown2.o(.ARM.Collect$$libshutdown$$00000010)
    .ARM.Collect$$rtentry$$00000000          0x000001ce   Section        0  __rtentry.o(.ARM.Collect$$rtentry$$00000000)
    .ARM.Collect$$rtentry$$00000002          0x000001ce   Section        0  __rtentry2.o(.ARM.Collect$$rtentry$$00000002)
    .ARM.Collect$$rtentry$$00000004          0x000001ce   Section        6  __rtentry4.o(.ARM.Collect$$rtentry$$00000004)
    .ARM.Collect$$rtentry$$00000009          0x000001d4   Section        0  __rtentry2.o(.ARM.Collect$$rtentry$$00000009)
    .ARM.Collect$$rtentry$$0000000A          0x000001d4   Section        4  __rtentry2.o(.ARM.Collect$$rtentry$$0000000A)
    .ARM.Collect$$rtentry$$0000000C          0x000001d8   Section        0  __rtentry2.o(.ARM.Collect$$rtentry$$0000000C)
    .ARM.Collect$$rtentry$$0000000D          0x000001d8   Section        8  __rtentry2.o(.ARM.Collect$$rtentry$$0000000D)
    .ARM.Collect$$rtexit$$00000000           0x000001e0   Section        2  rtexit.o(.ARM.Collect$$rtexit$$00000000)
    .ARM.Collect$$rtexit$$00000002           0x000001e2   Section        0  rtexit2.o(.ARM.Collect$$rtexit$$00000002)
    .ARM.Collect$$rtexit$$00000003           0x000001e2   Section        4  rtexit2.o(.ARM.Collect$$rtexit$$00000003)
    .ARM.Collect$$rtexit$$00000004           0x000001e6   Section        6  rtexit2.o(.ARM.Collect$$rtexit$$00000004)
    .text                                    0x000001ec   Section       60  startup_msp432p401r_uvision.o(.text)
    $v0                                      0x000001ec   Number         0  startup_msp432p401r_uvision.o(.text)
    .text                                    0x00000228   Section        2  use_no_semi_2.o(.text)
    .text                                    0x0000022c   Section        0  noretval__2printf.o(.text)
    .text                                    0x00000244   Section        0  __printf.o(.text)
    .text                                    0x000002ac   Section        0  _printf_dec.o(.text)
    .text                                    0x00000324   Section        0  heapauxi.o(.text)
    .text                                    0x0000032a   Section        2  use_no_semi.o(.text)
    .text                                    0x0000032c   Section        0  _printf_intcommon.o(.text)
    .text                                    0x000003e0   Section        0  _printf_char_file.o(.text)
    .text                                    0x00000404   Section        0  _printf_char_common.o(.text)
    _printf_input_char                       0x00000405   Thumb Code    10  _printf_char_common.o(.text)
    .text                                    0x00000434   Section        0  ferror.o(.text)
    .text                                    0x0000043c   Section       74  sys_stackheap_outer.o(.text)
    .text                                    0x00000486   Section        0  exit.o(.text)
    .text                                    0x00000498   Section        8  libspace.o(.text)
    i.CS_getDCOFrequency                     0x000004a0   Section        0  cs.o(i.CS_getDCOFrequency)
    i.CS_getMCLK                             0x00000610   Section        0  cs.o(i.CS_getMCLK)
    i.CS_initClockSignal                     0x00000628   Section        0  cs.o(i.CS_initClockSignal)
    i.CS_setExternalClockSourceFrequency     0x00000724   Section        0  cs.o(i.CS_setExternalClockSourceFrequency)
    i.CS_startHFXT                           0x00000730   Section        0  cs.o(i.CS_startHFXT)
    i.CS_startHFXTWithTimeout                0x00000738   Section        0  cs.o(i.CS_startHFXTWithTimeout)
    i.CS_startLFXT                           0x0000087c   Section        0  cs.o(i.CS_startLFXT)
    i.CS_startLFXTWithTimeout                0x00000884   Section        0  cs.o(i.CS_startLFXTWithTimeout)
    i.FlashCtl_setWaitState                  0x00000938   Section        0  flash.o(i.FlashCtl_setWaitState)
    i.GPIO_clearInterruptFlag                0x00000964   Section        0  gpio.o(i.GPIO_clearInterruptFlag)
    i.GPIO_getEnabledInterruptStatus         0x00000978   Section        0  gpio.o(i.GPIO_getEnabledInterruptStatus)
    i.GPIO_setAsPeripheralModuleFunctionOutputPin 0x000009ac   Section        0  gpio.o(i.GPIO_setAsPeripheralModuleFunctionOutputPin)
    i.GPIO_toggleOutputOnPin                 0x000009f4   Section        0  gpio.o(i.GPIO_toggleOutputOnPin)
    i.LED_RED_Off                            0x00000a08   Section        0  led.o(i.LED_RED_Off)
    i.LED_RED_On                             0x00000a18   Section        0  led.o(i.LED_RED_On)
    i.PCM_getCoreVoltageLevel                0x00000a28   Section        0  pcm.o(i.PCM_getCoreVoltageLevel)
    i.PCM_getPowerMode                       0x00000a74   Section        0  pcm.o(i.PCM_getPowerMode)
    i.PCM_setCoreVoltageLevel                0x00000ab8   Section        0  pcm.o(i.PCM_setCoreVoltageLevel)
    i.PORT1_IRQHandler                       0x00000ac0   Section        0  key.o(i.PORT1_IRQHandler)
    i.SysCtl_disableNMISource                0x00000b08   Section        0  sysctl.o(i.SysCtl_disableNMISource)
    i.SysCtl_enableNMISource                 0x00000b18   Section        0  sysctl.o(i.SysCtl_enableNMISource)
    i.SysCtl_getNMISourceStatus              0x00000b28   Section        0  sysctl.o(i.SysCtl_getNMISourceStatus)
    i.SysCtl_getTLVInfo                      0x00000b34   Section        0  sysctl.o(i.SysCtl_getTLVInfo)
    i.SysInit                                0x00000b84   Section        0  sysinit.o(i.SysInit)
    i.SystemInit                             0x00000bf0   Section        0  system_msp432p401r.o(i.SystemInit)
    i.T32_INT1_IRQHandler                    0x00000c50   Section        0  tim32.o(i.T32_INT1_IRQHandler)
    i.T32_INT2_IRQHandler                    0x00000c88   Section        0  tim32.o(i.T32_INT2_IRQHandler)
    i.TA0_0_IRQHandler                       0x00000c94   Section        0  tima.o(i.TA0_0_IRQHandler)
    i.TA2_N_IRQHandler                       0x00000cac   Section        0  tima.o(i.TA2_N_IRQHandler)
    i.TimA1_PWM_Init                         0x00000d48   Section        0  tima.o(i.TimA1_PWM_Init)
    i.Timer32_clearInterruptFlag             0x00000d7c   Section        0  timer32.o(i.Timer32_clearInterruptFlag)
    i.Timer_A_clearCaptureCompareInterrupt   0x00000d86   Section        0  timer_a.o(i.Timer_A_clearCaptureCompareInterrupt)
    i.Timer_A_clearInterruptFlag             0x00000da2   Section        0  timer_a.o(i.Timer_A_clearInterruptFlag)
    i.Timer_A_clearTimer                     0x00000dae   Section        0  timer_a.o(i.Timer_A_clearTimer)
    i.Timer_A_generatePWM                    0x00000dba   Section        0  timer_a.o(i.Timer_A_generatePWM)
    i.Timer_A_getCaptureCompareCount         0x00000e0a   Section        0  timer_a.o(i.Timer_A_getCaptureCompareCount)
    i.Timer_A_getCaptureCompareEnabledInterruptStatus 0x00000e1c   Section        0  timer_a.o(i.Timer_A_getCaptureCompareEnabledInterruptStatus)
    i.Timer_A_getEnabledInterruptStatus      0x00000e42   Section        0  timer_a.o(i.Timer_A_getEnabledInterruptStatus)
    i.Timer_A_getSynchronizedCaptureCompareInput 0x00000e54   Section        0  timer_a.o(i.Timer_A_getSynchronizedCaptureCompareInput)
    i.Timer_A_setCompareValue                0x00000e6c   Section        0  timer_a.o(i.Timer_A_setCompareValue)
    i.UART_transmitData                      0x00000e7e   Section        0  uart.o(i.UART_transmitData)
    i._CSComputeCLKFrequency                 0x00000e98   Section        0  cs.o(i._CSComputeCLKFrequency)
    _CSComputeCLKFrequency                   0x00000e99   Thumb Code   236  cs.o(i._CSComputeCLKFrequency)
    i.__PCM_setCoreVoltageLevelAdvanced      0x00000fa4   Section        0  pcm.o(i.__PCM_setCoreVoltageLevelAdvanced)
    __PCM_setCoreVoltageLevelAdvanced        0x00000fa5   Thumb Code   242  pcm.o(i.__PCM_setCoreVoltageLevelAdvanced)
    i.__PCM_setPowerModeAdvanced             0x000010a4   Section        0  pcm.o(i.__PCM_setPowerModeAdvanced)
    __PCM_setPowerModeAdvanced               0x000010a5   Thumb Code   200  pcm.o(i.__PCM_setPowerModeAdvanced)
    i._sys_exit                              0x00001188   Section        0  usart.o(i._sys_exit)
    i.delay_init                             0x0000118c   Section        0  delay.o(i.delay_init)
    i.delay_ms                               0x000011b4   Section        0  delay.o(i.delay_ms)
    i.delay_us                               0x000011cc   Section        0  delay.o(i.delay_us)
    i.fputc                                  0x00001200   Section        0  usart.o(i.fputc)
    i.main                                   0x00001214   Section        0  main.o(i.main)
    i.privateTimer_AProcessClockSourceDivider 0x0000126c   Section        0  timer_a.o(i.privateTimer_AProcessClockSourceDivider)
    privateTimer_AProcessClockSourceDivider  0x0000126d   Thumb Code   190  timer_a.o(i.privateTimer_AProcessClockSourceDivider)
    x$fpl$fpinit                             0x0000132a   Section       10  fpinit.o(x$fpl$fpinit)
    $v0                                      0x0000132a   Number         0  fpinit.o(x$fpl$fpinit)
    .data                                    0x20000000   Section        1  delay.o(.data)
    fac_us                                   0x20000000   Data           1  delay.o(.data)
    .data                                    0x20000004   Section        4  usart.o(.data)
    .data                                    0x20000008   Section        4  tima.o(.data)
    .data                                    0x2000000c   Section        1  tim32.o(.data)
    timer_second                             0x2000000c   Data           1  tim32.o(.data)
    .data                                    0x20000010   Section        8  cs.o(.data)
    hfxtFreq                                 0x20000010   Data           4  cs.o(.data)
    lfxtFreq                                 0x20000014   Data           4  cs.o(.data)
    .data                                    0x20000018   Section       48  gpio.o(.data)
    GPIO_PORT_TO_BASE                        0x20000018   Data          48  gpio.o(.data)
    .bss                                     0x20000048   Section       96  libspace.o(.bss)
    HEAP                                     0x200000a8   Section        0  startup_msp432p401r_uvision.o(HEAP)
    STACK                                    0x200000a8   Section      512  startup_msp432p401r_uvision.o(STACK)
    Heap_Mem                                 0x200000a8   Data           0  startup_msp432p401r_uvision.o(HEAP)
    Stack_Mem                                0x200000a8   Data         512  startup_msp432p401r_uvision.o(STACK)
    __initial_sp                             0x200002a8   Data           0  startup_msp432p401r_uvision.o(STACK)

    Global Symbols

    Symbol Name                              Value     Ov Type        Size  Object(Section)

    BuildAttributes$$THM_ISAv4$E$P$D$K$B$S$7EM$VFPi3$EXTD16$VFPS$VFMA$PE$A:L22UL41UL21$X:L11$S22US41US21$IEEE1$IW$USESV6$~STKCKD$USESV7$~SHL$OTIME$ROPI$EBA8$UX$STANDARDLIB$REQ8$PRES8$EABIv2 0x00000000   Number         0  anon$$obj.o ABSOLUTE
    __ARM_use_no_argv                        0x00000000   Number         0  main.o ABSOLUTE
    __Vectors                                0x00000000   Data           4  startup_msp432p401r_uvision.o(RESET)
    __ARM_exceptions_init                     - Undefined Weak Reference
    __alloca_initialize                       - Undefined Weak Reference
    __arm_preinit_                            - Undefined Weak Reference
    __cpp_initialize__aeabi_                  - Undefined Weak Reference
    __cxa_finalize                            - Undefined Weak Reference
    __rt_locale                               - Undefined Weak Reference
    __sigvec_lookup                           - Undefined Weak Reference
    _atexit_init                              - Undefined Weak Reference
    _call_atexit_fns                          - Undefined Weak Reference
    _clock_init                               - Undefined Weak Reference
    _fp_trap_init                             - Undefined Weak Reference
    _fp_trap_shutdown                         - Undefined Weak Reference
    _get_lc_collate                           - Undefined Weak Reference
    _get_lc_ctype                             - Undefined Weak Reference
    _get_lc_monetary                          - Undefined Weak Reference
    _get_lc_numeric                           - Undefined Weak Reference
    _get_lc_time                              - Undefined Weak Reference
    _getenv_init                              - Undefined Weak Reference
    _handle_redirection                       - Undefined Weak Reference
    _init_alloc                               - Undefined Weak Reference
    _init_user_alloc                          - Undefined Weak Reference
    _initio                                   - Undefined Weak Reference
    _mutex_acquire                            - Undefined Weak Reference
    _mutex_release                            - Undefined Weak Reference
    _printf_post_padding                      - Undefined Weak Reference
    _printf_pre_padding                       - Undefined Weak Reference
    _printf_truncate_signed                   - Undefined Weak Reference
    _printf_truncate_unsigned                 - Undefined Weak Reference
    _rand_init                                - Undefined Weak Reference
    _signal_finish                            - Undefined Weak Reference
    _signal_init                              - Undefined Weak Reference
    _terminate_alloc                          - Undefined Weak Reference
    _terminate_user_alloc                     - Undefined Weak Reference
    _terminateio                              - Undefined Weak Reference
    __Vectors_End                            0x00000144   Data           0  startup_msp432p401r_uvision.o(RESET)
    __Vectors_Size                           0x00000144   Number         0  startup_msp432p401r_uvision.o ABSOLUTE
    __main                                   0x00000145   Thumb Code     8  __main.o(!!!main)
    __scatterload                            0x0000014d   Thumb Code     0  __scatter.o(!!!scatter)
    __scatterload_rt2                        0x0000014d   Thumb Code    44  __scatter.o(!!!scatter)
    __scatterload_rt2_thumb_only             0x0000014d   Thumb Code     0  __scatter.o(!!!scatter)
    __scatterload_null                       0x0000015b   Thumb Code     0  __scatter.o(!!!scatter)
    __scatterload_copy                       0x00000181   Thumb Code    26  __scatter_copy.o(!!handler_copy)
    __scatterload_zeroinit                   0x0000019d   Thumb Code    28  __scatter_zi.o(!!handler_zi)
    _printf_d                                0x000001b9   Thumb Code     0  _printf_d.o(.ARM.Collect$$_printf_percent$$00000009)
    _printf_percent                          0x000001b9   Thumb Code     0  _printf_percent.o(.ARM.Collect$$_printf_percent$$00000000)
    _printf_percent_end                      0x000001bf   Thumb Code     0  _printf_percent_end.o(.ARM.Collect$$_printf_percent$$00000017)
    __rt_lib_init                            0x000001c3   Thumb Code     0  libinit.o(.ARM.Collect$$libinit$$00000000)
    __rt_lib_init_fp_1                       0x000001c5   Thumb Code     0  libinit2.o(.ARM.Collect$$libinit$$00000001)
    __rt_lib_init_alloca_1                   0x000001c9   Thumb Code     0  libinit2.o(.ARM.Collect$$libinit$$0000002E)
    __rt_lib_init_argv_1                     0x000001c9   Thumb Code     0  libinit2.o(.ARM.Collect$$libinit$$0000002C)
    __rt_lib_init_atexit_1                   0x000001c9   Thumb Code     0  libinit2.o(.ARM.Collect$$libinit$$0000001B)
    __rt_lib_init_clock_1                    0x000001c9   Thumb Code     0  libinit2.o(.ARM.Collect$$libinit$$00000021)
    __rt_lib_init_cpp_1                      0x000001c9   Thumb Code     0  libinit2.o(.ARM.Collect$$libinit$$00000032)
    __rt_lib_init_exceptions_1               0x000001c9   Thumb Code     0  libinit2.o(.ARM.Collect$$libinit$$00000030)
    __rt_lib_init_fp_trap_1                  0x000001c9   Thumb Code     0  libinit2.o(.ARM.Collect$$libinit$$0000001F)
    __rt_lib_init_getenv_1                   0x000001c9   Thumb Code     0  libinit2.o(.ARM.Collect$$libinit$$00000023)
    __rt_lib_init_heap_1                     0x000001c9   Thumb Code     0  libinit2.o(.ARM.Collect$$libinit$$0000000A)
    __rt_lib_init_lc_collate_1               0x000001c9   Thumb Code     0  libinit2.o(.ARM.Collect$$libinit$$00000011)
    __rt_lib_init_lc_ctype_1                 0x000001c9   Thumb Code     0  libinit2.o(.ARM.Collect$$libinit$$00000013)
    __rt_lib_init_lc_monetary_1              0x000001c9   Thumb Code     0  libinit2.o(.ARM.Collect$$libinit$$00000015)
    __rt_lib_init_lc_numeric_1               0x000001c9   Thumb Code     0  libinit2.o(.ARM.Collect$$libinit$$00000017)
    __rt_lib_init_lc_time_1                  0x000001c9   Thumb Code     0  libinit2.o(.ARM.Collect$$libinit$$00000019)
    __rt_lib_init_preinit_1                  0x000001c9   Thumb Code     0  libinit2.o(.ARM.Collect$$libinit$$00000004)
    __rt_lib_init_rand_1                     0x000001c9   Thumb Code     0  libinit2.o(.ARM.Collect$$libinit$$0000000E)
    __rt_lib_init_return                     0x000001c9   Thumb Code     0  libinit2.o(.ARM.Collect$$libinit$$00000033)
    __rt_lib_init_signal_1                   0x000001c9   Thumb Code     0  libinit2.o(.ARM.Collect$$libinit$$0000001D)
    __rt_lib_init_stdio_1                    0x000001c9   Thumb Code     0  libinit2.o(.ARM.Collect$$libinit$$00000025)
    __rt_lib_init_user_alloc_1               0x000001c9   Thumb Code     0  libinit2.o(.ARM.Collect$$libinit$$0000000C)
    __rt_lib_shutdown                        0x000001cb   Thumb Code     0  libshutdown.o(.ARM.Collect$$libshutdown$$00000000)
    __rt_lib_shutdown_cpp_1                  0x000001cd   Thumb Code     0  libshutdown2.o(.ARM.Collect$$libshutdown$$00000002)
    __rt_lib_shutdown_fp_trap_1              0x000001cd   Thumb Code     0  libshutdown2.o(.ARM.Collect$$libshutdown$$00000007)
    __rt_lib_shutdown_heap_1                 0x000001cd   Thumb Code     0  libshutdown2.o(.ARM.Collect$$libshutdown$$0000000F)
    __rt_lib_shutdown_return                 0x000001cd   Thumb Code     0  libshutdown2.o(.ARM.Collect$$libshutdown$$00000010)
    __rt_lib_shutdown_signal_1               0x000001cd   Thumb Code     0  libshutdown2.o(.ARM.Collect$$libshutdown$$0000000A)
    __rt_lib_shutdown_stdio_1                0x000001cd   Thumb Code     0  libshutdown2.o(.ARM.Collect$$libshutdown$$00000004)
    __rt_lib_shutdown_user_alloc_1           0x000001cd   Thumb Code     0  libshutdown2.o(.ARM.Collect$$libshutdown$$0000000C)
    __rt_entry                               0x000001cf   Thumb Code     0  __rtentry.o(.ARM.Collect$$rtentry$$00000000)
    __rt_entry_presh_1                       0x000001cf   Thumb Code     0  __rtentry2.o(.ARM.Collect$$rtentry$$00000002)
    __rt_entry_sh                            0x000001cf   Thumb Code     0  __rtentry4.o(.ARM.Collect$$rtentry$$00000004)
    __rt_entry_li                            0x000001d5   Thumb Code     0  __rtentry2.o(.ARM.Collect$$rtentry$$0000000A)
    __rt_entry_postsh_1                      0x000001d5   Thumb Code     0  __rtentry2.o(.ARM.Collect$$rtentry$$00000009)
    __rt_entry_main                          0x000001d9   Thumb Code     0  __rtentry2.o(.ARM.Collect$$rtentry$$0000000D)
    __rt_entry_postli_1                      0x000001d9   Thumb Code     0  __rtentry2.o(.ARM.Collect$$rtentry$$0000000C)
    __rt_exit                                0x000001e1   Thumb Code     0  rtexit.o(.ARM.Collect$$rtexit$$00000000)
    __rt_exit_ls                             0x000001e3   Thumb Code     0  rtexit2.o(.ARM.Collect$$rtexit$$00000003)
    __rt_exit_prels_1                        0x000001e3   Thumb Code     0  rtexit2.o(.ARM.Collect$$rtexit$$00000002)
    __rt_exit_exit                           0x000001e7   Thumb Code     0  rtexit2.o(.ARM.Collect$$rtexit$$00000004)
    Reset_Handler                            0x000001ed   Thumb Code     8  startup_msp432p401r_uvision.o(.text)
    NMI_Handler                              0x000001f5   Thumb Code     2  startup_msp432p401r_uvision.o(.text)
    HardFault_Handler                        0x000001f7   Thumb Code     2  startup_msp432p401r_uvision.o(.text)
    MemManage_Handler                        0x000001f9   Thumb Code     2  startup_msp432p401r_uvision.o(.text)
    BusFault_Handler                         0x000001fb   Thumb Code     2  startup_msp432p401r_uvision.o(.text)
    UsageFault_Handler                       0x000001fd   Thumb Code     2  startup_msp432p401r_uvision.o(.text)
    SVC_Handler                              0x000001ff   Thumb Code     2  startup_msp432p401r_uvision.o(.text)
    DebugMon_Handler                         0x00000201   Thumb Code     2  startup_msp432p401r_uvision.o(.text)
    PendSV_Handler                           0x00000203   Thumb Code     2  startup_msp432p401r_uvision.o(.text)
    SysTick_Handler                          0x00000205   Thumb Code     2  startup_msp432p401r_uvision.o(.text)
    ADC14_IRQHandler                         0x00000207   Thumb Code     0  startup_msp432p401r_uvision.o(.text)
    AES256_IRQHandler                        0x00000207   Thumb Code     0  startup_msp432p401r_uvision.o(.text)
    COMP_E0_IRQHandler                       0x00000207   Thumb Code     0  startup_msp432p401r_uvision.o(.text)
    COMP_E1_IRQHandler                       0x00000207   Thumb Code     0  startup_msp432p401r_uvision.o(.text)
    CS_IRQHandler                            0x00000207   Thumb Code     0  startup_msp432p401r_uvision.o(.text)
    DMA_ERR_IRQHandler                       0x00000207   Thumb Code     0  startup_msp432p401r_uvision.o(.text)
    DMA_INT0_IRQHandler                      0x00000207   Thumb Code     0  startup_msp432p401r_uvision.o(.text)
    DMA_INT1_IRQHandler                      0x00000207   Thumb Code     0  startup_msp432p401r_uvision.o(.text)
    DMA_INT2_IRQHandler                      0x00000207   Thumb Code     0  startup_msp432p401r_uvision.o(.text)
    DMA_INT3_IRQHandler                      0x00000207   Thumb Code     0  startup_msp432p401r_uvision.o(.text)
    EUSCIA0_IRQHandler                       0x00000207   Thumb Code     0  startup_msp432p401r_uvision.o(.text)
    EUSCIA1_IRQHandler                       0x00000207   Thumb Code     0  startup_msp432p401r_uvision.o(.text)
    EUSCIA2_IRQHandler                       0x00000207   Thumb Code     0  startup_msp432p401r_uvision.o(.text)
    EUSCIA3_IRQHandler                       0x00000207   Thumb Code     0  startup_msp432p401r_uvision.o(.text)
    EUSCIB0_IRQHandler                       0x00000207   Thumb Code     0  startup_msp432p401r_uvision.o(.text)
    EUSCIB1_IRQHandler                       0x00000207   Thumb Code     0  startup_msp432p401r_uvision.o(.text)
    EUSCIB2_IRQHandler                       0x00000207   Thumb Code     0  startup_msp432p401r_uvision.o(.text)
    EUSCIB3_IRQHandler                       0x00000207   Thumb Code     0  startup_msp432p401r_uvision.o(.text)
    FLCTL_IRQHandler                         0x00000207   Thumb Code     0  startup_msp432p401r_uvision.o(.text)
    FPU_IRQHandler                           0x00000207   Thumb Code     0  startup_msp432p401r_uvision.o(.text)
    PCM_IRQHandler                           0x00000207   Thumb Code     0  startup_msp432p401r_uvision.o(.text)
    PORT2_IRQHandler                         0x00000207   Thumb Code     0  startup_msp432p401r_uvision.o(.text)
    PORT3_IRQHandler                         0x00000207   Thumb Code     0  startup_msp432p401r_uvision.o(.text)
    PORT4_IRQHandler                         0x00000207   Thumb Code     0  startup_msp432p401r_uvision.o(.text)
    PORT5_IRQHandler                         0x00000207   Thumb Code     0  startup_msp432p401r_uvision.o(.text)
    PORT6_IRQHandler                         0x00000207   Thumb Code     0  startup_msp432p401r_uvision.o(.text)
    PSS_IRQHandler                           0x00000207   Thumb Code     0  startup_msp432p401r_uvision.o(.text)
    RTC_C_IRQHandler                         0x00000207   Thumb Code     0  startup_msp432p401r_uvision.o(.text)
    T32_INTC_IRQHandler                      0x00000207   Thumb Code     0  startup_msp432p401r_uvision.o(.text)
    TA0_N_IRQHandler                         0x00000207   Thumb Code     0  startup_msp432p401r_uvision.o(.text)
    TA1_0_IRQHandler                         0x00000207   Thumb Code     0  startup_msp432p401r_uvision.o(.text)
    TA1_N_IRQHandler                         0x00000207   Thumb Code     0  startup_msp432p401r_uvision.o(.text)
    TA2_0_IRQHandler                         0x00000207   Thumb Code     0  startup_msp432p401r_uvision.o(.text)
    TA3_0_IRQHandler                         0x00000207   Thumb Code     0  startup_msp432p401r_uvision.o(.text)
    TA3_N_IRQHandler                         0x00000207   Thumb Code     0  startup_msp432p401r_uvision.o(.text)
    WDT_A_IRQHandler                         0x00000207   Thumb Code     0  startup_msp432p401r_uvision.o(.text)
    __user_initial_stackheap                 0x00000209   Thumb Code    10  startup_msp432p401r_uvision.o(.text)
    __use_no_semihosting                     0x00000229   Thumb Code     2  use_no_semi_2.o(.text)
    __2printf                                0x0000022d   Thumb Code    20  noretval__2printf.o(.text)
    __printf                                 0x00000245   Thumb Code   104  __printf.o(.text)
    _printf_int_dec                          0x000002ad   Thumb Code   104  _printf_dec.o(.text)
    __use_two_region_memory                  0x00000325   Thumb Code     2  heapauxi.o(.text)
    __rt_heap_escrow$2region                 0x00000327   Thumb Code     2  heapauxi.o(.text)
    __rt_heap_expand$2region                 0x00000329   Thumb Code     2  heapauxi.o(.text)
    __I$use$semihosting                      0x0000032b   Thumb Code     0  use_no_semi.o(.text)
    __use_no_semihosting_swi                 0x0000032b   Thumb Code     2  use_no_semi.o(.text)
    _printf_int_common                       0x0000032d   Thumb Code   178  _printf_intcommon.o(.text)
    _printf_char_file                        0x000003e1   Thumb Code    32  _printf_char_file.o(.text)
    _printf_char_common                      0x0000040f   Thumb Code    32  _printf_char_common.o(.text)
    ferror                                   0x00000435   Thumb Code     8  ferror.o(.text)
    __user_setup_stackheap                   0x0000043d   Thumb Code    74  sys_stackheap_outer.o(.text)
    exit                                     0x00000487   Thumb Code    18  exit.o(.text)
    __user_libspace                          0x00000499   Thumb Code     8  libspace.o(.text)
    __user_perproc_libspace                  0x00000499   Thumb Code     0  libspace.o(.text)
    __user_perthread_libspace                0x00000499   Thumb Code     0  libspace.o(.text)
    CS_getDCOFrequency                       0x000004a1   Thumb Code   332  cs.o(i.CS_getDCOFrequency)
    CS_getMCLK                               0x00000611   Thumb Code    20  cs.o(i.CS_getMCLK)
    CS_initClockSignal                       0x00000629   Thumb Code   222  cs.o(i.CS_initClockSignal)
    CS_setExternalClockSourceFrequency       0x00000725   Thumb Code     8  cs.o(i.CS_setExternalClockSourceFrequency)
    CS_startHFXT                             0x00000731   Thumb Code     6  cs.o(i.CS_startHFXT)
    CS_startHFXTWithTimeout                  0x00000739   Thumb Code   262  cs.o(i.CS_startHFXTWithTimeout)
    CS_startLFXT                             0x0000087d   Thumb Code     6  cs.o(i.CS_startLFXT)
    CS_startLFXTWithTimeout                  0x00000885   Thumb Code   158  cs.o(i.CS_startLFXTWithTimeout)
    FlashCtl_setWaitState                    0x00000939   Thumb Code    38  flash.o(i.FlashCtl_setWaitState)
    GPIO_clearInterruptFlag                  0x00000965   Thumb Code    16  gpio.o(i.GPIO_clearInterruptFlag)
    GPIO_getEnabledInterruptStatus           0x00000979   Thumb Code    48  gpio.o(i.GPIO_getEnabledInterruptStatus)
    GPIO_setAsPeripheralModuleFunctionOutputPin 0x000009ad   Thumb Code    68  gpio.o(i.GPIO_setAsPeripheralModuleFunctionOutputPin)
    GPIO_toggleOutputOnPin                   0x000009f5   Thumb Code    14  gpio.o(i.GPIO_toggleOutputOnPin)
    LED_RED_Off                              0x00000a09   Thumb Code    10  led.o(i.LED_RED_Off)
    LED_RED_On                               0x00000a19   Thumb Code    10  led.o(i.LED_RED_On)
    PCM_getCoreVoltageLevel                  0x00000a29   Thumb Code    70  pcm.o(i.PCM_getCoreVoltageLevel)
    PCM_getPowerMode                         0x00000a75   Thumb Code    62  pcm.o(i.PCM_getPowerMode)
    PCM_setCoreVoltageLevel                  0x00000ab9   Thumb Code     8  pcm.o(i.PCM_setCoreVoltageLevel)
    PORT1_IRQHandler                         0x00000ac1   Thumb Code    66  key.o(i.PORT1_IRQHandler)
    SysCtl_disableNMISource                  0x00000b09   Thumb Code    12  sysctl.o(i.SysCtl_disableNMISource)
    SysCtl_enableNMISource                   0x00000b19   Thumb Code    10  sysctl.o(i.SysCtl_enableNMISource)
    SysCtl_getNMISourceStatus                0x00000b29   Thumb Code     6  sysctl.o(i.SysCtl_getNMISourceStatus)
    SysCtl_getTLVInfo                        0x00000b35   Thumb Code    72  sysctl.o(i.SysCtl_getTLVInfo)
    SysInit                                  0x00000b85   Thumb Code    98  sysinit.o(i.SysInit)
    SystemInit                               0x00000bf1   Thumb Code    76  system_msp432p401r.o(i.SystemInit)
    T32_INT1_IRQHandler                      0x00000c51   Thumb Code    28  tim32.o(i.T32_INT1_IRQHandler)
    T32_INT2_IRQHandler                      0x00000c89   Thumb Code     6  tim32.o(i.T32_INT2_IRQHandler)
    TA0_0_IRQHandler                         0x00000c95   Thumb Code    22  tima.o(i.TA0_0_IRQHandler)
    TA2_N_IRQHandler                         0x00000cad   Thumb Code   142  tima.o(i.TA2_N_IRQHandler)
    TimA1_PWM_Init                           0x00000d49   Thumb Code    52  tima.o(i.TimA1_PWM_Init)
    Timer32_clearInterruptFlag               0x00000d7d   Thumb Code    10  timer32.o(i.Timer32_clearInterruptFlag)
    Timer_A_clearCaptureCompareInterrupt     0x00000d87   Thumb Code    28  timer_a.o(i.Timer_A_clearCaptureCompareInterrupt)
    Timer_A_clearInterruptFlag               0x00000da3   Thumb Code    12  timer_a.o(i.Timer_A_clearInterruptFlag)
    Timer_A_clearTimer                       0x00000daf   Thumb Code    12  timer_a.o(i.Timer_A_clearTimer)
    Timer_A_generatePWM                      0x00000dbb   Thumb Code    80  timer_a.o(i.Timer_A_generatePWM)
    Timer_A_getCaptureCompareCount           0x00000e0b   Thumb Code    18  timer_a.o(i.Timer_A_getCaptureCompareCount)
    Timer_A_getCaptureCompareEnabledInterruptStatus 0x00000e1d   Thumb Code    38  timer_a.o(i.Timer_A_getCaptureCompareEnabledInterruptStatus)
    Timer_A_getEnabledInterruptStatus        0x00000e43   Thumb Code    18  timer_a.o(i.Timer_A_getEnabledInterruptStatus)
    Timer_A_getSynchronizedCaptureCompareInput 0x00000e55   Thumb Code    24  timer_a.o(i.Timer_A_getSynchronizedCaptureCompareInput)
    Timer_A_setCompareValue                  0x00000e6d   Thumb Code    18  timer_a.o(i.Timer_A_setCompareValue)
    UART_transmitData                        0x00000e7f   Thumb Code    24  uart.o(i.UART_transmitData)
    _sys_exit                                0x00001189   Thumb Code     2  usart.o(i._sys_exit)
    delay_init                               0x0000118d   Thumb Code    30  delay.o(i.delay_init)
    delay_ms                                 0x000011b5   Thumb Code    24  delay.o(i.delay_ms)
    delay_us                                 0x000011cd   Thumb Code    46  delay.o(i.delay_us)
    fputc                                    0x00001201   Thumb Code    16  usart.o(i.fputc)
    main                                     0x00001215   Thumb Code    88  main.o(i.main)
    _fp_init                                 0x0000132b   Thumb Code    10  fpinit.o(x$fpl$fpinit)
    __fplib_config_fpu_vfp                   0x00001333   Thumb Code     0  fpinit.o(x$fpl$fpinit)
    __fplib_config_pureend_doubles           0x00001333   Thumb Code     0  fpinit.o(x$fpl$fpinit)
    Region$$Table$$Base                      0x00001334   Number         0  anon$$obj.o(Region$$Table)
    Region$$Table$$Limit                     0x00001354   Number         0  anon$$obj.o(Region$$Table)
    __stdout                                 0x20000004   Data           4  usart.o(.data)
    TIMA2_CAP_STA                            0x20000008   Data           1  tima.o(.data)
    TIMA2_CAP_VAL                            0x2000000a   Data           2  tima.o(.data)
    __libspace_start                         0x20000048   Data          96  libspace.o(.bss)
    __temporary_stack_top$libspace           0x200000a8   Data           0  libspace.o(.bss)



==============================================================================

Memory Map of the image

  Image Entry point : 0x00000145

  Load Region LR_IROM1 (Base: 0x00000000, Size: 0x0000139c, Max: 0x00040000, ABSOLUTE)

    Execution Region ER_IROM1 (Base: 0x00000000, Size: 0x00001354, Max: 0x00040000, ABSOLUTE)

    Base Addr    Size         Type   Attr      Idx    E Section Name        Object

    0x00000000   0x00000144   Data   RO            3    RESET               startup_msp432p401r_uvision.o
    0x00000144   0x00000008   Code   RO         1230  * !!!main             c_w.l(__main.o)
    0x0000014c   0x00000034   Code   RO         1398    !!!scatter          c_w.l(__scatter.o)
    0x00000180   0x0000001a   Code   RO         1400    !!handler_copy      c_w.l(__scatter_copy.o)
    0x0000019a   0x00000002   PAD
    0x0000019c   0x0000001c   Code   RO         1402    !!handler_zi        c_w.l(__scatter_zi.o)
    0x000001b8   0x00000000   Code   RO         1225    .ARM.Collect$$_printf_percent$$00000000  c_w.l(_printf_percent.o)
    0x000001b8   0x00000006   Code   RO         1224    .ARM.Collect$$_printf_percent$$00000009  c_w.l(_printf_d.o)
    0x000001be   0x00000004   Code   RO         1239    .ARM.Collect$$_printf_percent$$00000017  c_w.l(_printf_percent_end.o)
    0x000001c2   0x00000002   Code   RO         1272    .ARM.Collect$$libinit$$00000000  c_w.l(libinit.o)
    0x000001c4   0x00000004   Code   RO         1278    .ARM.Collect$$libinit$$00000001  c_w.l(libinit2.o)
    0x000001c8   0x00000000   Code   RO         1281    .ARM.Collect$$libinit$$00000004  c_w.l(libinit2.o)
    0x000001c8   0x00000000   Code   RO         1284    .ARM.Collect$$libinit$$0000000A  c_w.l(libinit2.o)
    0x000001c8   0x00000000   Code   RO         1286    .ARM.Collect$$libinit$$0000000C  c_w.l(libinit2.o)
    0x000001c8   0x00000000   Code   RO         1288    .ARM.Collect$$libinit$$0000000E  c_w.l(libinit2.o)
    0x000001c8   0x00000000   Code   RO         1291    .ARM.Collect$$libinit$$00000011  c_w.l(libinit2.o)
    0x000001c8   0x00000000   Code   RO         1293    .ARM.Collect$$libinit$$00000013  c_w.l(libinit2.o)
    0x000001c8   0x00000000   Code   RO         1295    .ARM.Collect$$libinit$$00000015  c_w.l(libinit2.o)
    0x000001c8   0x00000000   Code   RO         1297    .ARM.Collect$$libinit$$00000017  c_w.l(libinit2.o)
    0x000001c8   0x00000000   Code   RO         1299    .ARM.Collect$$libinit$$00000019  c_w.l(libinit2.o)
    0x000001c8   0x00000000   Code   RO         1301    .ARM.Collect$$libinit$$0000001B  c_w.l(libinit2.o)
    0x000001c8   0x00000000   Code   RO         1303    .ARM.Collect$$libinit$$0000001D  c_w.l(libinit2.o)
    0x000001c8   0x00000000   Code   RO         1305    .ARM.Collect$$libinit$$0000001F  c_w.l(libinit2.o)
    0x000001c8   0x00000000   Code   RO         1307    .ARM.Collect$$libinit$$00000021  c_w.l(libinit2.o)
    0x000001c8   0x00000000   Code   RO         1309    .ARM.Collect$$libinit$$00000023  c_w.l(libinit2.o)
    0x000001c8   0x00000000   Code   RO         1311    .ARM.Collect$$libinit$$00000025  c_w.l(libinit2.o)
    0x000001c8   0x00000000   Code   RO         1315    .ARM.Collect$$libinit$$0000002C  c_w.l(libinit2.o)
    0x000001c8   0x00000000   Code   RO         1317    .ARM.Collect$$libinit$$0000002E  c_w.l(libinit2.o)
    0x000001c8   0x00000000   Code   RO         1319    .ARM.Collect$$libinit$$00000030  c_w.l(libinit2.o)
    0x000001c8   0x00000000   Code   RO         1321    .ARM.Collect$$libinit$$00000032  c_w.l(libinit2.o)
    0x000001c8   0x00000002   Code   RO         1322    .ARM.Collect$$libinit$$00000033  c_w.l(libinit2.o)
    0x000001ca   0x00000002   Code   RO         1340    .ARM.Collect$$libshutdown$$00000000  c_w.l(libshutdown.o)
    0x000001cc   0x00000000   Code   RO         1350    .ARM.Collect$$libshutdown$$00000002  c_w.l(libshutdown2.o)
    0x000001cc   0x00000000   Code   RO         1352    .ARM.Collect$$libshutdown$$00000004  c_w.l(libshutdown2.o)
    0x000001cc   0x00000000   Code   RO         1355    .ARM.Collect$$libshutdown$$00000007  c_w.l(libshutdown2.o)
    0x000001cc   0x00000000   Code   RO         1358    .ARM.Collect$$libshutdown$$0000000A  c_w.l(libshutdown2.o)
    0x000001cc   0x00000000   Code   RO         1360    .ARM.Collect$$libshutdown$$0000000C  c_w.l(libshutdown2.o)
    0x000001cc   0x00000000   Code   RO         1363    .ARM.Collect$$libshutdown$$0000000F  c_w.l(libshutdown2.o)
    0x000001cc   0x00000002   Code   RO         1364    .ARM.Collect$$libshutdown$$00000010  c_w.l(libshutdown2.o)
    0x000001ce   0x00000000   Code   RO         1234    .ARM.Collect$$rtentry$$00000000  c_w.l(__rtentry.o)
    0x000001ce   0x00000000   Code   RO         1241    .ARM.Collect$$rtentry$$00000002  c_w.l(__rtentry2.o)
    0x000001ce   0x00000006   Code   RO         1253    .ARM.Collect$$rtentry$$00000004  c_w.l(__rtentry4.o)
    0x000001d4   0x00000000   Code   RO         1243    .ARM.Collect$$rtentry$$00000009  c_w.l(__rtentry2.o)
    0x000001d4   0x00000004   Code   RO         1244    .ARM.Collect$$rtentry$$0000000A  c_w.l(__rtentry2.o)
    0x000001d8   0x00000000   Code   RO         1246    .ARM.Collect$$rtentry$$0000000C  c_w.l(__rtentry2.o)
    0x000001d8   0x00000008   Code   RO         1247    .ARM.Collect$$rtentry$$0000000D  c_w.l(__rtentry2.o)
    0x000001e0   0x00000002   Code   RO         1276    .ARM.Collect$$rtexit$$00000000  c_w.l(rtexit.o)
    0x000001e2   0x00000000   Code   RO         1324    .ARM.Collect$$rtexit$$00000002  c_w.l(rtexit2.o)
    0x000001e2   0x00000004   Code   RO         1325    .ARM.Collect$$rtexit$$00000003  c_w.l(rtexit2.o)
    0x000001e6   0x00000006   Code   RO         1326    .ARM.Collect$$rtexit$$00000004  c_w.l(rtexit2.o)
    0x000001ec   0x0000003c   Code   RO            4    .text               startup_msp432p401r_uvision.o
    0x00000228   0x00000002   Code   RO         1194    .text               c_w.l(use_no_semi_2.o)
    0x0000022a   0x00000002   PAD
    0x0000022c   0x00000018   Code   RO         1198    .text               c_w.l(noretval__2printf.o)
    0x00000244   0x00000068   Code   RO         1200    .text               c_w.l(__printf.o)
    0x000002ac   0x00000078   Code   RO         1202    .text               c_w.l(_printf_dec.o)
    0x00000324   0x00000006   Code   RO         1228    .text               c_w.l(heapauxi.o)
    0x0000032a   0x00000002   Code   RO         1232    .text               c_w.l(use_no_semi.o)
    0x0000032c   0x000000b2   Code   RO         1235    .text               c_w.l(_printf_intcommon.o)
    0x000003de   0x00000002   PAD
    0x000003e0   0x00000024   Code   RO         1237    .text               c_w.l(_printf_char_file.o)
    0x00000404   0x00000030   Code   RO         1255    .text               c_w.l(_printf_char_common.o)
    0x00000434   0x00000008   Code   RO         1257    .text               c_w.l(ferror.o)
    0x0000043c   0x0000004a   Code   RO         1261    .text               c_w.l(sys_stackheap_outer.o)
    0x00000486   0x00000012   Code   RO         1265    .text               c_w.l(exit.o)
    0x00000498   0x00000008   Code   RO         1273    .text               c_w.l(libspace.o)
    0x000004a0   0x00000170   Code   RO          630    i.CS_getDCOFrequency  msp432p4xx_driverlib.lib(cs.o)
    0x00000610   0x00000018   Code   RO          634    i.CS_getMCLK        msp432p4xx_driverlib.lib(cs.o)
    0x00000628   0x000000fc   Code   RO          636    i.CS_initClockSignal  msp432p4xx_driverlib.lib(cs.o)
    0x00000724   0x0000000c   Code   RO          642    i.CS_setExternalClockSourceFrequency  msp432p4xx_driverlib.lib(cs.o)
    0x00000730   0x00000006   Code   RO          645    i.CS_startHFXT      msp432p4xx_driverlib.lib(cs.o)
    0x00000736   0x00000002   PAD
    0x00000738   0x00000144   Code   RO          646    i.CS_startHFXTWithTimeout  msp432p4xx_driverlib.lib(cs.o)
    0x0000087c   0x00000006   Code   RO          647    i.CS_startLFXT      msp432p4xx_driverlib.lib(cs.o)
    0x00000882   0x00000002   PAD
    0x00000884   0x000000b4   Code   RO          648    i.CS_startLFXTWithTimeout  msp432p4xx_driverlib.lib(cs.o)
    0x00000938   0x0000002c   Code   RO          716    i.FlashCtl_setWaitState  msp432p4xx_driverlib.lib(flash.o)
    0x00000964   0x00000014   Code   RO          771    i.GPIO_clearInterruptFlag  msp432p4xx_driverlib.lib(gpio.o)
    0x00000978   0x00000034   Code   RO          774    i.GPIO_getEnabledInterruptStatus  msp432p4xx_driverlib.lib(gpio.o)
    0x000009ac   0x00000048   Code   RO          784    i.GPIO_setAsPeripheralModuleFunctionOutputPin  msp432p4xx_driverlib.lib(gpio.o)
    0x000009f4   0x00000014   Code   RO          789    i.GPIO_toggleOutputOnPin  msp432p4xx_driverlib.lib(gpio.o)
    0x00000a08   0x00000010   Code   RO          231    i.LED_RED_Off       led.o
    0x00000a18   0x00000010   Code   RO          232    i.LED_RED_On        led.o
    0x00000a28   0x0000004c   Code   RO          872    i.PCM_getCoreVoltageLevel  msp432p4xx_driverlib.lib(pcm.o)
    0x00000a74   0x00000044   Code   RO          875    i.PCM_getPowerMode  msp432p4xx_driverlib.lib(pcm.o)
    0x00000ab8   0x00000008   Code   RO          884    i.PCM_setCoreVoltageLevel  msp432p4xx_driverlib.lib(pcm.o)
    0x00000ac0   0x00000048   Code   RO          347    i.PORT1_IRQHandler  key.o
    0x00000b08   0x00000010   Code   RO         1130    i.SysCtl_disableNMISource  msp432p4xx_driverlib.lib(sysctl.o)
    0x00000b18   0x00000010   Code   RO         1135    i.SysCtl_enableNMISource  msp432p4xx_driverlib.lib(sysctl.o)
    0x00000b28   0x0000000c   Code   RO         1140    i.SysCtl_getNMISourceStatus  msp432p4xx_driverlib.lib(sysctl.o)
    0x00000b34   0x00000050   Code   RO         1142    i.SysCtl_getTLVInfo  msp432p4xx_driverlib.lib(sysctl.o)
    0x00000b84   0x0000006c   Code   RO          450    i.SysInit           sysinit.o
    0x00000bf0   0x00000060   Code   RO          187    i.SystemInit        system_msp432p401r.o
    0x00000c50   0x00000038   Code   RO          573    i.T32_INT1_IRQHandler  tim32.o
    0x00000c88   0x0000000c   Code   RO          574    i.T32_INT2_IRQHandler  tim32.o
    0x00000c94   0x00000016   Code   RO          518    i.TA0_0_IRQHandler  tima.o
    0x00000caa   0x00000002   PAD
    0x00000cac   0x0000009c   Code   RO          519    i.TA2_N_IRQHandler  tima.o
    0x00000d48   0x00000034   Code   RO          521    i.TimA1_PWM_Init    tima.o
    0x00000d7c   0x0000000a   Code   RO          997    i.Timer32_clearInterruptFlag  msp432p4xx_driverlib.lib(timer32.o)
    0x00000d86   0x0000001c   Code   RO          935    i.Timer_A_clearCaptureCompareInterrupt  msp432p4xx_driverlib.lib(timer_a.o)
    0x00000da2   0x0000000c   Code   RO          936    i.Timer_A_clearInterruptFlag  msp432p4xx_driverlib.lib(timer_a.o)
    0x00000dae   0x0000000c   Code   RO          937    i.Timer_A_clearTimer  msp432p4xx_driverlib.lib(timer_a.o)
    0x00000dba   0x00000050   Code   RO          945    i.Timer_A_generatePWM  msp432p4xx_driverlib.lib(timer_a.o)
    0x00000e0a   0x00000012   Code   RO          946    i.Timer_A_getCaptureCompareCount  msp432p4xx_driverlib.lib(timer_a.o)
    0x00000e1c   0x00000026   Code   RO          947    i.Timer_A_getCaptureCompareEnabledInterruptStatus  msp432p4xx_driverlib.lib(timer_a.o)
    0x00000e42   0x00000012   Code   RO          950    i.Timer_A_getEnabledInterruptStatus  msp432p4xx_driverlib.lib(timer_a.o)
    0x00000e54   0x00000018   Code   RO          953    i.Timer_A_getSynchronizedCaptureCompareInput  msp432p4xx_driverlib.lib(timer_a.o)
    0x00000e6c   0x00000012   Code   RO          957    i.Timer_A_setCompareValue  msp432p4xx_driverlib.lib(timer_a.o)
    0x00000e7e   0x00000018   Code   RO         1045    i.UART_transmitData  msp432p4xx_driverlib.lib(uart.o)
    0x00000e96   0x00000002   PAD
    0x00000e98   0x0000010c   Code   RO          651    i._CSComputeCLKFrequency  msp432p4xx_driverlib.lib(cs.o)
    0x00000fa4   0x00000100   Code   RO          895    i.__PCM_setCoreVoltageLevelAdvanced  msp432p4xx_driverlib.lib(pcm.o)
    0x000010a4   0x000000e4   Code   RO          896    i.__PCM_setPowerModeAdvanced  msp432p4xx_driverlib.lib(pcm.o)
    0x00001188   0x00000002   Code   RO          474    i._sys_exit         usart.o
    0x0000118a   0x00000002   PAD
    0x0000118c   0x00000028   Code   RO          382    i.delay_init        delay.o
    0x000011b4   0x00000018   Code   RO          383    i.delay_ms          delay.o
    0x000011cc   0x00000034   Code   RO          384    i.delay_us          delay.o
    0x00001200   0x00000014   Code   RO          475    i.fputc             usart.o
    0x00001214   0x00000058   Code   RO           13    i.main              main.o
    0x0000126c   0x000000be   Code   RO          962    i.privateTimer_AProcessClockSourceDivider  msp432p4xx_driverlib.lib(timer_a.o)
    0x0000132a   0x0000000a   Code   RO         1332    x$fpl$fpinit        fz_wm.l(fpinit.o)
    0x00001334   0x00000020   Data   RO         1396    Region$$Table       anon$$obj.o


    Execution Region RW_IRAM1 (Base: 0x20000000, Size: 0x000002a8, Max: 0x00010000, ABSOLUTE)

    Base Addr    Size         Type   Attr      Idx    E Section Name        Object

    0x20000000   0x00000001   Data   RW          385    .data               delay.o
    0x20000001   0x00000003   PAD
    0x20000004   0x00000004   Data   RW          478    .data               usart.o
    0x20000008   0x00000004   Data   RW          524    .data               tima.o
    0x2000000c   0x00000001   Data   RW          577    .data               tim32.o
    0x2000000d   0x00000003   PAD
    0x20000010   0x00000008   Data   RW          652    .data               msp432p4xx_driverlib.lib(cs.o)
    0x20000018   0x00000030   Data   RW          792    .data               msp432p4xx_driverlib.lib(gpio.o)
    0x20000048   0x00000060   Zero   RW         1274    .bss                c_w.l(libspace.o)
    0x200000a8   0x00000000   Zero   RW            2    HEAP                startup_msp432p401r_uvision.o
    0x200000a8   0x00000200   Zero   RW            1    STACK               startup_msp432p401r_uvision.o


==============================================================================

Image component sizes


      Code (inc. data)   RO Data    RW Data    ZI Data      Debug   Object Name

       116         16          0          1          0       1591   delay.o
        72          6          0          0          0        623   key.o
        32         12          0          0          0       1362   led.o
        88          0          0          0          0      13955   main.o
        60         22        324          0        512        884   startup_msp432p401r_uvision.o
       108         10          0          0          0        486   sysinit.o
        96         20          0          0          0        477   system_msp432p401r.o
        68         34          0          1          0        916   tim32.o
       230         14          0          4          0       1833   tima.o
        22          4          0          4          0       2630   usart.o

    ----------------------------------------------------------------------
       896        138        356         16        512      24757   Object Totals
         0          0         32          0          0          0   (incl. Generated)
         4          0          0          6          0          0   (incl. Padding)

    ----------------------------------------------------------------------

      Code (inc. data)   RO Data    RW Data    ZI Data      Debug   Library Member Name

         8          0          0          0          0         68   __main.o
       104          0          0          0          0         84   __printf.o
         0          0          0          0          0          0   __rtentry.o
        12          0          0          0          0          0   __rtentry2.o
         6          0          0          0          0          0   __rtentry4.o
        52          8          0          0          0          0   __scatter.o
        26          0          0          0          0          0   __scatter_copy.o
        28          0          0          0          0          0   __scatter_zi.o
        48          6          0          0          0         96   _printf_char_common.o
        36          4          0          0          0         80   _printf_char_file.o
         6          0          0          0          0          0   _printf_d.o
       120         16          0          0          0         92   _printf_dec.o
       178          0          0          0          0         88   _printf_intcommon.o
         0          0          0          0          0          0   _printf_percent.o
         4          0          0          0          0          0   _printf_percent_end.o
        18          0          0          0          0         80   exit.o
         8          0          0          0          0         68   ferror.o
         6          0          0          0          0        152   heapauxi.o
         2          0          0          0          0          0   libinit.o
         6          0          0          0          0          0   libinit2.o
         2          0          0          0          0          0   libshutdown.o
         2          0          0          0          0          0   libshutdown2.o
         8          4          0          0         96         68   libspace.o
        24          4          0          0          0         84   noretval__2printf.o
         2          0          0          0          0          0   rtexit.o
        10          0          0          0          0          0   rtexit2.o
        74          0          0          0          0         80   sys_stackheap_outer.o
         2          0          0          0          0         68   use_no_semi.o
         2          0          0          0          0         68   use_no_semi_2.o
        10          0          0          0          0        116   fpinit.o
      1440        204          0          8          0       1156   cs.o
        44          6          0          0          0        116   flash.o
       164         30          0         48          0        464   gpio.o
       636        114          0          0          0        636   pcm.o
       124         24          0          0          0        476   sysctl.o
        10          0          0          0          0        116   timer32.o
       438         28          0          0          0       1172   timer_a.o
        24          0          0          0          0        116   uart.o

    ----------------------------------------------------------------------
      3696        448          0         56         96       5544   Library Totals
        12          0          0          0          0          0   (incl. Padding)

    ----------------------------------------------------------------------

      Code (inc. data)   RO Data    RW Data    ZI Data      Debug   Library Name

       794         42          0          0         96       1176   c_w.l
        10          0          0          0          0        116   fz_wm.l
      2880        406          0         56          0       4252   msp432p4xx_driverlib.lib

    ----------------------------------------------------------------------
      3696        448          0         56         96       5544   Library Totals

    ----------------------------------------------------------------------

==============================================================================


      Code (inc. data)   RO Data    RW Data    ZI Data      Debug   

      4592        586        356         72        608      25281   Grand Totals
      4592        586        356         72        608      25281   ELF Image Totals
      4592        586        356         72          0          0   ROM Totals

==============================================================================

    Total RO  Size (Code + RO Data)                 4948 (   4.83kB)
    Total RW  Size (RW Data + ZI Data)               680 (   0.66kB)
    Total ROM Size (Code + RO Data + RW Data)       5020 (   4.90kB)

==============================================================================

